Archive member included to satisfy reference by file (symbol)

c:/users/marwz/documents/github/datafusion/src/datafusionexe/pressurereadings/project/toolchain/compiler/bin/../lib/gcc/riscv64-unknown-elf/8.3.0/../../../../riscv64-unknown-elf/lib/rv32imac/ilp32\libc_nano.a(lib_a-atexit.o)
                              build/start.o (atexit)
c:/users/marwz/documents/github/datafusion/src/datafusionexe/pressurereadings/project/toolchain/compiler/bin/../lib/gcc/riscv64-unknown-elf/8.3.0/../../../../riscv64-unknown-elf/lib/rv32imac/ilp32\libc_nano.a(lib_a-exit.o)
                              build/start.o (exit)
c:/users/marwz/documents/github/datafusion/src/datafusionexe/pressurereadings/project/toolchain/compiler/bin/../lib/gcc/riscv64-unknown-elf/8.3.0/../../../../riscv64-unknown-elf/lib/rv32imac/ilp32\libc_nano.a(lib_a-fflush.o)
                              build/main.o (fflush)
c:/users/marwz/documents/github/datafusion/src/datafusionexe/pressurereadings/project/toolchain/compiler/bin/../lib/gcc/riscv64-unknown-elf/8.3.0/../../../../riscv64-unknown-elf/lib/rv32imac/ilp32\libc_nano.a(lib_a-findfp.o)
                              c:/users/marwz/documents/github/datafusion/src/datafusionexe/pressurereadings/project/toolchain/compiler/bin/../lib/gcc/riscv64-unknown-elf/8.3.0/../../../../riscv64-unknown-elf/lib/rv32imac/ilp32\libc_nano.a(lib_a-fflush.o) (__sinit)
c:/users/marwz/documents/github/datafusion/src/datafusionexe/pressurereadings/project/toolchain/compiler/bin/../lib/gcc/riscv64-unknown-elf/8.3.0/../../../../riscv64-unknown-elf/lib/rv32imac/ilp32\libc_nano.a(lib_a-fini.o)
                              build/start.o (__libc_fini_array)
c:/users/marwz/documents/github/datafusion/src/datafusionexe/pressurereadings/project/toolchain/compiler/bin/../lib/gcc/riscv64-unknown-elf/8.3.0/../../../../riscv64-unknown-elf/lib/rv32imac/ilp32\libc_nano.a(lib_a-fwalk.o)
                              c:/users/marwz/documents/github/datafusion/src/datafusionexe/pressurereadings/project/toolchain/compiler/bin/../lib/gcc/riscv64-unknown-elf/8.3.0/../../../../riscv64-unknown-elf/lib/rv32imac/ilp32\libc_nano.a(lib_a-findfp.o) (_fwalk)
c:/users/marwz/documents/github/datafusion/src/datafusionexe/pressurereadings/project/toolchain/compiler/bin/../lib/gcc/riscv64-unknown-elf/8.3.0/../../../../riscv64-unknown-elf/lib/rv32imac/ilp32\libc_nano.a(lib_a-impure.o)
                              c:/users/marwz/documents/github/datafusion/src/datafusionexe/pressurereadings/project/toolchain/compiler/bin/../lib/gcc/riscv64-unknown-elf/8.3.0/../../../../riscv64-unknown-elf/lib/rv32imac/ilp32\libc_nano.a(lib_a-exit.o) (_global_impure_ptr)
c:/users/marwz/documents/github/datafusion/src/datafusionexe/pressurereadings/project/toolchain/compiler/bin/../lib/gcc/riscv64-unknown-elf/8.3.0/../../../../riscv64-unknown-elf/lib/rv32imac/ilp32\libc_nano.a(lib_a-init.o)
                              build/start.o (__libc_init_array)
c:/users/marwz/documents/github/datafusion/src/datafusionexe/pressurereadings/project/toolchain/compiler/bin/../lib/gcc/riscv64-unknown-elf/8.3.0/../../../../riscv64-unknown-elf/lib/rv32imac/ilp32\libc_nano.a(lib_a-memcpy-asm.o)
                              build/gd32vf103_rcu.o (memcpy)
c:/users/marwz/documents/github/datafusion/src/datafusionexe/pressurereadings/project/toolchain/compiler/bin/../lib/gcc/riscv64-unknown-elf/8.3.0/../../../../riscv64-unknown-elf/lib/rv32imac/ilp32\libc_nano.a(lib_a-memset.o)
                              build/drv_usb_core.o (memset)
c:/users/marwz/documents/github/datafusion/src/datafusionexe/pressurereadings/project/toolchain/compiler/bin/../lib/gcc/riscv64-unknown-elf/8.3.0/../../../../riscv64-unknown-elf/lib/rv32imac/ilp32\libc_nano.a(lib_a-nano-freer.o)
                              c:/users/marwz/documents/github/datafusion/src/datafusionexe/pressurereadings/project/toolchain/compiler/bin/../lib/gcc/riscv64-unknown-elf/8.3.0/../../../../riscv64-unknown-elf/lib/rv32imac/ilp32\libc_nano.a(lib_a-fflush.o) (_free_r)
c:/users/marwz/documents/github/datafusion/src/datafusionexe/pressurereadings/project/toolchain/compiler/bin/../lib/gcc/riscv64-unknown-elf/8.3.0/../../../../riscv64-unknown-elf/lib/rv32imac/ilp32\libc_nano.a(lib_a-nano-mallocr.o)
                              c:/users/marwz/documents/github/datafusion/src/datafusionexe/pressurereadings/project/toolchain/compiler/bin/../lib/gcc/riscv64-unknown-elf/8.3.0/../../../../riscv64-unknown-elf/lib/rv32imac/ilp32\libc_nano.a(lib_a-findfp.o) (_malloc_r)
c:/users/marwz/documents/github/datafusion/src/datafusionexe/pressurereadings/project/toolchain/compiler/bin/../lib/gcc/riscv64-unknown-elf/8.3.0/../../../../riscv64-unknown-elf/lib/rv32imac/ilp32\libc_nano.a(lib_a-printf.o)
                              build/main.o (printf)
[...]
Memory Configuration

Name             Origin             Length             Attributes
flash            0x0000000008000000 0x0000000000020000 axrl !w
ram              0x0000000020000000 0x0000000000008000 axw !rl
*default*        0x0000000000000000 0xffffffffffffffff

Linker script and memory map

LOAD build/gd32vf103_adc.o
LOAD build/gd32vf103_bkp.o
LOAD build/gd32vf103_can.o
LOAD build/gd32vf103_crc.o
LOAD build/gd32vf103_dac.o
LOAD build/gd32vf103_dbg.o
LOAD build/gd32vf103_dma.o
LOAD build/gd32vf103_eclic.o
LOAD build/gd32vf103_exmc.o
LOAD build/gd32vf103_exti.o
LOAD build/gd32vf103_fmc.o
LOAD build/gd32vf103_fwdgt.o
LOAD build/gd32vf103_gpio.o
LOAD build/gd32vf103_i2c.o
LOAD build/gd32vf103_pmu.o
LOAD build/gd32vf103_rcu.o
LOAD build/gd32vf103_rtc.o
LOAD build/gd32vf103_spi.o
LOAD build/gd32vf103_timer.o
LOAD build/gd32vf103_usart.o
LOAD build/gd32vf103_wwdgt.o
LOAD build/system_gd32vf103.o
LOAD build/_exit.o
LOAD build/close.o
LOAD build/fstat.o
LOAD build/isatty.o
LOAD build/lseek.o
LOAD build/read.o
LOAD build/sbrk.o
LOAD build/write.o
LOAD build/write_hex.o
LOAD build/n200_func.o
LOAD build/handlers.o
LOAD build/init.o
LOAD build/cs1237.o
LOAD build/cs1237_gd32vf103_port.o
LOAD build/cdc_acm_core.o
LOAD build/drv_usb_core.o
LOAD build/drv_usb_dev.o
LOAD build/drv_usbd_int.o
LOAD build/gd32vf103_hw.o
LOAD build/gd32vf103_usb_it.o
LOAD build/usb_delay.o
LOAD build/usb_serial_if.o
LOAD build/usbd_core.o
LOAD build/usbd_enum.o
LOAD build/usbd_transc.o
LOAD build/weak.o
LOAD build/main.o
LOAD build/start.o
LOAD build/entry.o
LOAD c:/users/marwz/documents/github/datafusion/src/datafusionexe/pressurereadings/project/toolchain/compiler/bin/../lib/gcc/riscv64-unknown-elf/8.3.0/rv32imac/ilp32\libgcc.a
LOAD c:/users/marwz/documents/github/datafusion/src/datafusionexe/pressurereadings/project/toolchain/compiler/bin/../lib/gcc/riscv64-unknown-elf/8.3.0/../../../../riscv64-unknown-elf/lib/rv32imac/ilp32\libc_nano.a
LOAD c:/users/marwz/documents/github/datafusion/src/datafusionexe/pressurereadings/project/toolchain/compiler/bin/../lib/gcc/riscv64-unknown-elf/8.3.0/rv32imac/ilp32\libgcc.a
START GROUP
LOAD c:/users/marwz/documents/github/datafusion/src/datafusionexe/pressurereadings/project/toolchain/compiler/bin/../lib/gcc/riscv64-unknown-elf/8.3.0/rv32imac/ilp32\libgcc.a
LOAD c:/users/marwz/documents/github/datafusion/src/datafusionexe/pressurereadings/project/toolchain/compiler/bin/../lib/gcc/riscv64-unknown-elf/8.3.0/../../../../riscv64-unknown-elf/lib/rv32imac/ilp32\libc_nano.a
LOAD c:/users/marwz/documents/github/datafusion/src/datafusionexe/pressurereadings/project/toolchain/compiler/bin/../lib/gcc/riscv64-unknown-elf/8.3.0/../../../../riscv64-unknown-elf/lib/rv32imac/ilp32\libgloss_nano.a
END GROUP
                0x0000000000001000                __stack_size = DEFINED (__stack_size)?__stack_size:0x1000
                0x0000000000000000                __dbg_stack_size = DEFINED (__dbg_stack_size)?__dbg_stack_size:0x0

.init           0x0000000008000000      0x254
 *(SORT_NONE(.init))
 .init          0x0000000008000000      0x254 build/start.o
                0x000000000800015c                _start
                0x0000000008000246                disable_mcycle_minstret
                0x000000000800024c                enable_mcycle_minstret

.ilalign        0x0000000008000254        0x0
                0x0000000008000254                . = ALIGN (0x4)
                [!provide]                        PROVIDE (_ilm_lma = .)

.ialign         0x0000000008000254        0x0
                [!provide]                        PROVIDE (_ilm = .)

.text           0x0000000008000280     0x44dc
 *(.rodata .rodata.*)
 .rodata        0x0000000008000280       0x10 build/gd32vf103_rcu.o
 .rodata._exit.str1.4
                0x0000000008000290       0x1f build/_exit.o
                                         0x23 (size before relaxing)
 *fill*         0x00000000080002af        0x1 
 .rodata.write_hex.str1.4
                0x00000000080002b0        0x3 build/write_hex.o
 *fill*         0x00000000080002b3        0x1 
 .rodata.handle_nmi.str1.4
                0x00000000080002b4        0x5 build/handlers.o
 *fill*         0x00000000080002b9        0x3 
 .rodata.handle_trap.str1.4
                0x00000000080002bc        0x6 build/handlers.o
 *fill*         0x00000000080002c2        0x2 
 .rodata.__compound_literal.0
                0x00000000080002c4       0x18 build/cdc_acm_core.o
 .rodata.__compound_literal.1
                0x00000000080002dc       0x3a build/cdc_acm_core.o
 *fill*         0x0000000008000316        0x2 
 .rodata.__compound_literal.2
                0x0000000008000318       0x30 build/cdc_acm_core.o
 .rodata.device_descriptor
                0x0000000008000348       0x12 build/cdc_acm_core.o
                0x0000000008000348                device_descriptor
 *fill*         0x000000000800035a        0x2 
 .rodata.usbd_strings
                0x000000000800035c       0x10 build/cdc_acm_core.o
                0x000000000800035c                usbd_strings
 .rodata.ep_type
                0x000000000800036c       0x10 build/usbd_core.o
                0x000000000800036c                ep_type
 .rodata._std_dev_req
                0x000000000800037c       0x34 build/usbd_enum.o
 .rodata        0x00000000080003b0       0x37 build/main.o
 *fill*         0x00000000080003e7        0x1 
 .rodata.__sf_fake_stderr
                0x00000000080003e8       0x20 c:/users/marwz/documents/github/datafusion/src/datafusionexe/pressurereadings/project/toolchain/compiler/bin/../lib/gcc/riscv64-unknown-elf/8.3.0/../../../../riscv64-unknown-elf/lib/rv32imac/ilp32\libc_nano.a(lib_a-findfp.o)
                0x00000000080003e8                __sf_fake_stderr
 .rodata.__sf_fake_stdin
                0x0000000008000408       0x20 c:/users/marwz/documents/github/datafusion/src/datafusionexe/pressurereadings/project/toolchain/compiler/bin/../lib/gcc/riscv64-unknown-elf/8.3.0/../../../../riscv64-unknown-elf/lib/rv32imac/ilp32\libc_nano.a(lib_a-findfp.o)
                0x0000000008000408                __sf_fake_stdin
 .rodata.__sf_fake_stdout
                0x0000000008000428       0x20 c:/users/marwz/documents/github/datafusion/src/datafusionexe/pressurereadings/project/toolchain/compiler/bin/../lib/gcc/riscv64-unknown-elf/8.3.0/../../../../riscv64-unknown-elf/lib/rv32imac/ilp32\libc_nano.a(lib_a-findfp.o)
                0x0000000008000428                __sf_fake_stdout
 .rodata._vfprintf_r.str1.4
                0x0000000008000448       0x13 c:/users/marwz/documents/github/datafusion/src/datafusionexe/pressurereadings/project/toolchain/compiler/bin/../lib/gcc/riscv64-unknown-elf/8.3.0/../../../../riscv64-unknown-elf/lib/rv32imac/ilp32\libc_nano.a(lib_a-nano-vfprintf.o)
 *fill*         0x000000000800045b        0x1 
 .rodata._printf_i.str1.4
                0x000000000800045c       0x28 c:/users/marwz/documents/github/datafusion/src/datafusionexe/pressurereadings/project/toolchain/compiler/bin/../lib/gcc/riscv64-unknown-elf/8.3.0/../../../../riscv64-unknown-elf/lib/rv32imac/ilp32\libc_nano.a(lib_a-nano-vfprintf_i.o)
                                         0x25 (size before relaxing)
 *(.text.unlikely .text.unlikely.*)
 *(.text.startup .text.startup.*)
 .text.startup.main
                0x0000000008000484      0x11c build/main.o
                0x0000000008000484                main
 *(.text .text.*)
 .text.eclic_global_interrupt_enable
                0x00000000080005a0        0x6 build/gd32vf103_eclic.o
                0x00000000080005a0                eclic_global_interrupt_enable
 .text.eclic_priority_group_set
                0x00000000080005a6        0x8 build/gd32vf103_eclic.o
                0x00000000080005a6                eclic_priority_group_set
 .text.eclic_irq_enable
                0x00000000080005ae       0x34 build/gd32vf103_eclic.o
                0x00000000080005ae                eclic_irq_enable
 .text.exti_init
                0x00000000080005e2       0xa0 build/gd32vf103_exti.o
                0x00000000080005e2                exti_init
 .text.exti_interrupt_enable
                0x0000000008000682       0x10 build/gd32vf103_exti.o
                0x0000000008000682                exti_interrupt_enable
 .text.exti_interrupt_flag_clear
                0x0000000008000692        0xa build/gd32vf103_exti.o
                0x0000000008000692                exti_interrupt_flag_clear
 .text.gpio_init
                0x000000000800069c       0xa4 build/gd32vf103_gpio.o
                0x000000000800069c                gpio_init
 .text.gpio_bit_write
                0x0000000008000740        0xa build/gd32vf103_gpio.o
                0x0000000008000740                gpio_bit_write
 .text.gpio_input_bit_get
                0x000000000800074a        0xa build/gd32vf103_gpio.o
                0x000000000800074a                gpio_input_bit_get
 .text.rcu_periph_clock_enable
                0x0000000008000754       0x18 build/gd32vf103_rcu.o
                0x0000000008000754                rcu_periph_clock_enable
 .text.rcu_usb_clock_config
                0x000000000800076c       0x14 build/gd32vf103_rcu.o
                0x000000000800076c                rcu_usb_clock_config
 .text.rcu_clock_freq_get
                0x0000000008000780      0x13a build/gd32vf103_rcu.o
                0x0000000008000780                rcu_clock_freq_get
 .text.SystemInit
                0x00000000080008ba      0x11c build/system_gd32vf103.o
                0x00000000080008ba                SystemInit
 .text.SystemCoreClockUpdate
                0x00000000080009d6       0xca build/system_gd32vf103.o
                0x00000000080009d6                SystemCoreClockUpdate
 .text._exit    0x0000000008000aa0       0x4c build/_exit.o
                0x0000000008000aa0                _exit
 .text._close   0x0000000008000aec        0x4 build/close.o
                0x0000000008000aec                _close
 .text._fstat   0x0000000008000af0       0x22 build/fstat.o
                0x0000000008000af0                _fstat
 .text._isatty  0x0000000008000b12        0x8 build/isatty.o
                0x0000000008000b12                _isatty
 .text._lseek   0x0000000008000b1a       0x1a build/lseek.o
                0x0000000008000b1a                _lseek
 .text._read    0x0000000008000b34        0x4 build/read.o
                0x0000000008000b34                _read
 .text._sbrk    0x0000000008000b38       0x2e build/sbrk.o
                0x0000000008000b38                _sbrk
 .text.write_hex
                0x0000000008000b66       0x7c build/write_hex.o
                0x0000000008000b66                write_hex
 .text.get_timer_value
                0x0000000008000be2       0x10 build/n200_func.o
                0x0000000008000be2                get_timer_value
 .text.eclic_init
                0x0000000008000bf2       0x22 build/n200_func.o
                0x0000000008000bf2                eclic_init
 .text.eclic_enable_interrupt
                0x0000000008000c14       0x12 build/n200_func.o
                0x0000000008000c14                eclic_enable_interrupt
 .text.eclic_set_nlbits
                0x0000000008000c26       0x18 build/n200_func.o
                0x0000000008000c26                eclic_set_nlbits
 .text.eclic_get_nlbits
                0x0000000008000c3e        0xe build/n200_func.o
                0x0000000008000c3e                eclic_get_nlbits
 .text.eclic_set_irq_lvl_abs
                0x0000000008000c4c       0x58 build/n200_func.o
                0x0000000008000c4c                eclic_set_irq_lvl_abs
 .text.eclic_set_irq_priority
                0x0000000008000ca4       0x52 build/n200_func.o
                0x0000000008000ca4                eclic_set_irq_priority
 .text.eclic_mode_enable
                0x0000000008000cf6       0x12 build/n200_func.o
                0x0000000008000cf6                eclic_mode_enable
 .text.handle_nmi
                0x0000000008000d08       0x22 build/handlers.o
                0x0000000008000d08                handle_nmi
 .text.handle_trap
                0x0000000008000d2a       0x38 build/handlers.o
                0x0000000008000d2a                handle_trap
 .text._init    0x0000000008000d62       0x2c build/init.o
                0x0000000008000d62                _init
 .text._fini    0x0000000008000d8e        0x2 build/init.o
                0x0000000008000d8e                _fini
 .text.clk      0x0000000008000d90       0x12 build/cs1237.o
                0x0000000008000d90                clk
 .text.drdy_input
                0x0000000008000da2       0x36 build/cs1237.o
                0x0000000008000da2                drdy_input
 .text.drdy_output
                0x0000000008000dd8       0x36 build/cs1237.o
                0x0000000008000dd8                drdy_output
 .text.set_drdy
                0x0000000008000e0e       0x3e build/cs1237.o
                0x0000000008000e0e                set_drdy
 .text.read_bit
                0x0000000008000e4c       0x3a build/cs1237.o
                0x0000000008000e4c                read_bit
 .text.cs1237_install_clock_pin
                0x0000000008000e86       0x1e build/cs1237.o
                0x0000000008000e86                cs1237_install_clock_pin
 .text.cs1237_read
                0x0000000008000ea4       0xac build/cs1237.o
                0x0000000008000ea4                cs1237_read
 .text.cs1237_data_ready
                0x0000000008000f50       0x42 build/cs1237.o
                0x0000000008000f50                cs1237_data_ready
 .text.cs1237_configure
                0x0000000008000f92      0x180 build/cs1237.o
                0x0000000008000f92                cs1237_configure
 .text.cs1237_sample_rate_and_gain
                0x0000000008001112       0x1c build/cs1237.o
                0x0000000008001112                cs1237_sample_rate_and_gain
 .text.cs1237_port_initialize_pins
                0x000000000800112e       0xac build/cs1237_gd32vf103_port.o
                0x000000000800112e                cs1237_port_initialize_pins
 .text.cs1237_port_set_pin_value
                0x00000000080011da        0xe build/cs1237_gd32vf103_port.o
                0x00000000080011da                cs1237_port_set_pin_value
 .text.cs1237_port_pin_direction_out
                0x00000000080011e8       0x10 build/cs1237_gd32vf103_port.o
                0x00000000080011e8                cs1237_port_pin_direction_out
 .text.cs1237_port_pin_direction_in
                0x00000000080011f8       0x10 build/cs1237_gd32vf103_port.o
                0x00000000080011f8                cs1237_port_pin_direction_in
 .text.cs1237_port_get_pin_value
                0x0000000008001208       0x1a build/cs1237_gd32vf103_port.o
                0x0000000008001208                cs1237_port_get_pin_value
 .text.cs1237_port_wait_min_455ns
                0x0000000008001222       0x6a build/cs1237_gd32vf103_port.o
                0x0000000008001222                cs1237_port_wait_min_455ns
 .text.cdc_acm_init
                0x000000000800128c       0x46 build/cdc_acm_core.o
                0x000000000800128c                cdc_acm_init
 .text.cdc_acm_deinit
                0x00000000080012d2       0x38 build/cdc_acm_core.o
                0x00000000080012d2                cdc_acm_deinit
 .text.cdc_acm_data_out_handler
                0x000000000800130a       0x4c build/cdc_acm_core.o
                0x000000000800130a                cdc_acm_data_out_handler
 .text.cdc_acm_data_in_handler
                0x0000000008001356       0x40 build/cdc_acm_core.o
                0x0000000008001356                cdc_acm_data_in_handler
 .text.cdc_acm_req_handler
                0x0000000008001396       0xa4 build/cdc_acm_core.o
                0x0000000008001396                cdc_acm_req_handler
 .text.cdc_acm_EP0_RxReady
                0x000000000800143a       0x5e build/cdc_acm_core.o
                0x000000000800143a                cdc_acm_EP0_RxReady
 .text.usb_basic_init
                0x0000000008001498       0xe8 build/drv_usb_core.o
                0x0000000008001498                usb_basic_init
 .text.usb_core_init
                0x0000000008001580       0xca build/drv_usb_core.o
                0x0000000008001580                usb_core_init
 .text.usb_txfifo_write
                0x000000000800164a       0x3a build/drv_usb_core.o
                0x000000000800164a                usb_txfifo_write
 .text.usb_rxfifo_read
                0x0000000008001684       0x32 build/drv_usb_core.o
                0x0000000008001684                usb_rxfifo_read
 .text.usb_txfifo_flush
                0x00000000080016b6       0x28 build/drv_usb_core.o
                0x00000000080016b6                usb_txfifo_flush
 .text.usb_rxfifo_flush
                0x00000000080016de       0x22 build/drv_usb_core.o
                0x00000000080016de                usb_rxfifo_flush
 .text.usb_devint_enable
                0x0000000008001700       0x3e build/drv_usb_dev.o
                0x0000000008001700                usb_devint_enable
 .text.usb_devcore_init
                0x000000000800173e      0x10e build/drv_usb_dev.o
                0x000000000800173e                usb_devcore_init
 .text.usb_dev_disconnect
                0x000000000800184c        0xc build/drv_usb_dev.o
                0x000000000800184c                usb_dev_disconnect
 .text.usb_dev_connect
                0x0000000008001858        0xa build/drv_usb_dev.o
                0x0000000008001858                usb_dev_connect
 .text.usb_devaddr_set
                0x0000000008001862       0x14 build/drv_usb_dev.o
                0x0000000008001862                usb_devaddr_set
 .text.usb_transc_active
                0x0000000008001876       0x9e build/drv_usb_dev.o
                0x0000000008001876                usb_transc_active
 .text.usb_transc_deactivate
                0x0000000008001914       0x46 build/drv_usb_dev.o
                0x0000000008001914                usb_transc_deactivate
 .text.usb_transc_inxfer
                0x000000000800195a       0xea build/drv_usb_dev.o
                0x000000000800195a                usb_transc_inxfer
 .text.usb_transc_outxfer
                0x0000000008001a44       0x8c build/drv_usb_dev.o
                0x0000000008001a44                usb_transc_outxfer
 .text.usb_transc_stall
                0x0000000008001ad0       0x3a build/drv_usb_dev.o
                0x0000000008001ad0                usb_transc_stall
 .text.usb_transc_clrstall
                0x0000000008001b0a       0x46 build/drv_usb_dev.o
                0x0000000008001b0a                usb_transc_clrstall
 .text.usb_oepintnum_read
                0x0000000008001b50       0x10 build/drv_usb_dev.o
                0x0000000008001b50                usb_oepintnum_read
 .text.usb_oepintr_read
                0x0000000008001b60       0x12 build/drv_usb_dev.o
                0x0000000008001b60                usb_oepintr_read
 .text.usb_iepintnum_read
                0x0000000008001b72        0xe build/drv_usb_dev.o
                0x0000000008001b72                usb_iepintnum_read
 .text.usb_iepintr_read
                0x0000000008001b80       0x20 build/drv_usb_dev.o
                0x0000000008001b80                usb_iepintr_read
 .text.usb_ctlep_startout
                0x0000000008001ba0       0x26 build/drv_usb_dev.o
                0x0000000008001ba0                usb_ctlep_startout
 .text.usb_clock_active
                0x0000000008001bc6       0x1a build/drv_usb_dev.o
                0x0000000008001bc6                usb_clock_active
 .text.usbd_isr
                0x0000000008001be0      0x140 build/drv_usbd_int.o
                0x0000000008001be0                usbd_isr
 .text.usbd_int_epout
                0x0000000008001d20       0xfe build/drv_usbd_int.o
 .text.usbd_int_epin
                0x0000000008001e1e       0xbc build/drv_usbd_int.o
 .text.usbd_int_rxfifo
                0x0000000008001eda       0xc6 build/drv_usbd_int.o
 .text.usbd_int_reset
                0x0000000008001fa0       0xd2 build/drv_usbd_int.o
 .text.usbd_int_enumfinish
                0x0000000008002072       0x68 build/drv_usbd_int.o
 .text.usbd_emptytxfifo_write
                0x00000000080020da       0xe6 build/drv_usbd_int.o
 .text.usb_rcu_config
                0x00000000080021c0       0x7e build/gd32vf103_hw.o
                0x00000000080021c0                usb_rcu_config
 .text.usb_intr_config
                0x000000000800223e       0x5c build/gd32vf103_hw.o
                0x000000000800223e                usb_intr_config
 .text.usb_timer_init
                0x000000000800229a        0x2 build/gd32vf103_hw.o
                0x000000000800229a                usb_timer_init
 .text.usb_udelay
                0x000000000800229c        0x8 build/gd32vf103_hw.o
                0x000000000800229c                usb_udelay
 .text.usb_mdelay
                0x00000000080022a4        0x8 build/gd32vf103_hw.o
                0x00000000080022a4                usb_mdelay
 .text.USBFS_IRQHandler
                0x00000000080022ac       0x10 build/gd32vf103_usb_it.o
                0x00000000080022ac                USBFS_IRQHandler
 .text.USBFS_WKUP_IRQHandler
                0x00000000080022bc       0x56 build/gd32vf103_usb_it.o
                0x00000000080022bc                USBFS_WKUP_IRQHandler
 .text.usb_delay_1ms
                0x0000000008002312       0x72 build/usb_delay.o
                0x0000000008002312                usb_delay_1ms
 .text.usb_delay_1us
                0x0000000008002384       0x74 build/usb_delay.o
                0x0000000008002384                usb_delay_1us
 .text.configure_usb_serial
                0x00000000080023f8       0x58 build/usb_serial_if.o
                0x00000000080023f8                configure_usb_serial
 .text.usb_serial_available
                0x0000000008002450       0x14 build/usb_serial_if.o
                0x0000000008002450                usb_serial_available
 .text._write   0x0000000008002464       0xb0 build/usb_serial_if.o
                0x0000000008002464                _write
 .text.set_usb_clock_96m_hxtal
                0x0000000008002514       0xee build/usb_serial_if.o
                0x0000000008002514                set_usb_clock_96m_hxtal
 .text.usbd_ep_setup
                0x0000000008002602       0x9a build/usbd_core.o
                0x0000000008002602                usbd_ep_setup
 .text.usbd_ep_clear
                0x000000000800269c       0x3a build/usbd_core.o
                0x000000000800269c                usbd_ep_clear
 .text.usbd_ep_recev
                0x00000000080026d6       0x40 build/usbd_core.o
                0x00000000080026d6                usbd_ep_recev
 .text.usbd_ep_send
                0x0000000008002716       0x40 build/usbd_core.o
                0x0000000008002716                usbd_ep_send
 .text.usbd_ep_stall
                0x0000000008002756       0x40 build/usbd_core.o
                0x0000000008002756                usbd_ep_stall
 .text.usbd_ep_stall_clear
                0x0000000008002796       0x3e build/usbd_core.o
                0x0000000008002796                usbd_ep_stall_clear
 .text.usbd_addr_set
                0x00000000080027d4        0x8 build/usbd_core.o
                0x00000000080027d4                usbd_addr_set
 .text.usbd_rxcount_get
                0x00000000080027dc        0xe build/usbd_core.o
                0x00000000080027dc                usbd_rxcount_get
 .text.usbd_connect
                0x00000000080027ea       0x1a build/usbd_core.o
                0x00000000080027ea                usbd_connect
 .text.usbd_disconnect
                0x0000000008002804       0x1a build/usbd_core.o
                0x0000000008002804                usbd_disconnect
 .text.usbd_init
                0x000000000800281e       0x5a build/usbd_core.o
                0x000000000800281e                usbd_init
 .text._usb_std_reserved
                0x0000000008002878        0x4 build/usbd_enum.o
 .text._usb_dev_desc_get
                0x000000000800287c        0xe build/usbd_enum.o
 .text._usb_config_desc_get
                0x000000000800288a        0xe build/usbd_enum.o
 .text._usb_str_desc_get
                0x0000000008002898       0x14 build/usbd_enum.o
 .text._usb_std_getdescriptor
                0x00000000080028ac       0xfa build/usbd_enum.o
 .text._usb_std_setconfiguration
                0x00000000080029a6       0xa8 build/usbd_enum.o
 .text._usb_std_getstatus
                0x0000000008002a4e       0xba build/usbd_enum.o
 .text._usb_std_getconfiguration
                0x0000000008002b08       0x3c build/usbd_enum.o
 .text._usb_std_getinterface
                0x0000000008002b44       0x2c build/usbd_enum.o
 .text._usb_std_setinterface
                0x0000000008002b70       0x2a build/usbd_enum.o
 .text._usb_std_setaddress
                0x0000000008002b9a       0x64 build/usbd_enum.o
 .text._usb_std_setfeature
                0x0000000008002bfe       0x80 build/usbd_enum.o
 .text._usb_std_clearfeature
                0x0000000008002c7e       0x98 build/usbd_enum.o
 .text._usb_std_setdescriptor
                0x0000000008002d16        0x4 build/usbd_enum.o
 .text._usb_std_synchframe
                0x0000000008002d1a        0x4 build/usbd_enum.o
 .text.usbd_standard_request
                0x0000000008002d1e       0x18 build/usbd_enum.o
                0x0000000008002d1e                usbd_standard_request
 .text.usbd_class_request
                0x0000000008002d36       0x2c build/usbd_enum.o
                0x0000000008002d36                usbd_class_request
 .text.usbd_vendor_request
                0x0000000008002d62        0x4 build/usbd_enum.o
                0x0000000008002d62                usbd_vendor_request
 .text.usbd_enum_error
                0x0000000008002d66       0x30 build/usbd_enum.o
                0x0000000008002d66                usbd_enum_error
 .text.usbd_ctl_send
                0x0000000008002d96       0x38 build/usbd_transc.o
                0x0000000008002d96                usbd_ctl_send
 .text.usbd_ctl_recev
                0x0000000008002dce       0x38 build/usbd_transc.o
                0x0000000008002dce                usbd_ctl_recev
 .text.usbd_ctl_status_send
                0x0000000008002e06       0x30 build/usbd_transc.o
                0x0000000008002e06                usbd_ctl_status_send
 .text.usbd_ctl_status_recev
                0x0000000008002e36       0x30 build/usbd_transc.o
                0x0000000008002e36                usbd_ctl_status_recev
 .text.usbd_setup_transc
                0x0000000008002e66       0x94 build/usbd_transc.o
                0x0000000008002e66                usbd_setup_transc
 .text.usbd_out_transc
                0x0000000008002efa       0xe6 build/usbd_transc.o
                0x0000000008002efa                usbd_out_transc
 .text.usbd_in_transc
                0x0000000008002fe0      0x10c build/usbd_transc.o
                0x0000000008002fe0                usbd_in_transc
 *fill*         0x00000000080030ec       0x14 
 .text.trap     0x0000000008003100       0x82 build/entry.o
                0x0000000008003100                trap_entry
 *fill*         0x0000000008003182        0x2 
 .text.irq      0x0000000008003184       0x72 build/entry.o
                0x0000000008003184                irq_entry
 .text.atexit   0x00000000080031f6       0x10 c:/users/marwz/documents/github/datafusion/src/datafusionexe/pressurereadings/project/toolchain/compiler/bin/../lib/gcc/riscv64-unknown-elf/8.3.0/../../../../riscv64-unknown-elf/lib/rv32imac/ilp32\libc_nano.a(lib_a-atexit.o)
                0x00000000080031f6                atexit
 .text.exit     0x0000000008003206       0x36 c:/users/marwz/documents/github/datafusion/src/datafusionexe/pressurereadings/project/toolchain/compiler/bin/../lib/gcc/riscv64-unknown-elf/8.3.0/../../../../riscv64-unknown-elf/lib/rv32imac/ilp32\libc_nano.a(lib_a-exit.o)
                0x0000000008003206                exit
 .text.__sflush_r
                0x000000000800323c      0x150 c:/users/marwz/documents/github/datafusion/src/datafusionexe/pressurereadings/project/toolchain/compiler/bin/../lib/gcc/riscv64-unknown-elf/8.3.0/../../../../riscv64-unknown-elf/lib/rv32imac/ilp32\libc_nano.a(lib_a-fflush.o)
                0x000000000800323c                __sflush_r
 .text._fflush_r
                0x000000000800338c       0x70 c:/users/marwz/documents/github/datafusion/src/datafusionexe/pressurereadings/project/toolchain/compiler/bin/../lib/gcc/riscv64-unknown-elf/8.3.0/../../../../riscv64-unknown-elf/lib/rv32imac/ilp32\libc_nano.a(lib_a-fflush.o)
                0x000000000800338c                _fflush_r
 .text.fflush   0x00000000080033fc       0x30 c:/users/marwz/documents/github/datafusion/src/datafusionexe/pressurereadings/project/toolchain/compiler/bin/../lib/gcc/riscv64-unknown-elf/8.3.0/../../../../riscv64-unknown-elf/lib/rv32imac/ilp32\libc_nano.a(lib_a-fflush.o)
                0x00000000080033fc                fflush
 .text.std      0x000000000800342c       0x6e c:/users/marwz/documents/github/datafusion/src/datafusionexe/pressurereadings/project/toolchain/compiler/bin/../lib/gcc/riscv64-unknown-elf/8.3.0/../../../../riscv64-unknown-elf/lib/rv32imac/ilp32\libc_nano.a(lib_a-findfp.o)
 .text._cleanup_r
                0x000000000800349a       0x10 c:/users/marwz/documents/github/datafusion/src/datafusionexe/pressurereadings/project/toolchain/compiler/bin/../lib/gcc/riscv64-unknown-elf/8.3.0/../../../../riscv64-unknown-elf/lib/rv32imac/ilp32\libc_nano.a(lib_a-findfp.o)
                0x000000000800349a                _cleanup_r
 .text.__sfmoreglue
                0x00000000080034aa       0x50 c:/users/marwz/documents/github/datafusion/src/datafusionexe/pressurereadings/project/toolchain/compiler/bin/../lib/gcc/riscv64-unknown-elf/8.3.0/../../../../riscv64-unknown-elf/lib/rv32imac/ilp32\libc_nano.a(lib_a-findfp.o)
                0x00000000080034aa                __sfmoreglue
 .text.__sinit  0x00000000080034fa       0x8e c:/users/marwz/documents/github/datafusion/src/datafusionexe/pressurereadings/project/toolchain/compiler/bin/../lib/gcc/riscv64-unknown-elf/8.3.0/../../../../riscv64-unknown-elf/lib/rv32imac/ilp32\libc_nano.a(lib_a-findfp.o)
                0x00000000080034fa                __sinit
 .text.__sfp    0x0000000008003588       0xb0 c:/users/marwz/documents/github/datafusion/src/datafusionexe/pressurereadings/project/toolchain/compiler/bin/../lib/gcc/riscv64-unknown-elf/8.3.0/../../../../riscv64-unknown-elf/lib/rv32imac/ilp32\libc_nano.a(lib_a-findfp.o)
                0x0000000008003588                __sfp
 .text.__libc_fini_array
                0x0000000008003638       0x38 c:/users/marwz/documents/github/datafusion/src/datafusionexe/pressurereadings/project/toolchain/compiler/bin/../lib/gcc/riscv64-unknown-elf/8.3.0/../../../../riscv64-unknown-elf/lib/rv32imac/ilp32\libc_nano.a(lib_a-fini.o)
                0x0000000008003638                __libc_fini_array
 .text._fwalk_reent
                0x0000000008003670       0x6c c:/users/marwz/documents/github/datafusion/src/datafusionexe/pressurereadings/project/toolchain/compiler/bin/../lib/gcc/riscv64-unknown-elf/8.3.0/../../../../riscv64-unknown-elf/lib/rv32imac/ilp32\libc_nano.a(lib_a-fwalk.o)
                0x0000000008003670                _fwalk_reent
 .text.__libc_init_array
                0x00000000080036dc       0x6a c:/users/marwz/documents/github/datafusion/src/datafusionexe/pressurereadings/project/toolchain/compiler/bin/../lib/gcc/riscv64-unknown-elf/8.3.0/../../../../riscv64-unknown-elf/lib/rv32imac/ilp32\libc_nano.a(lib_a-init.o)
                0x00000000080036dc                __libc_init_array
 .text          0x0000000008003746       0x16 c:/users/marwz/documents/github/datafusion/src/datafusionexe/pressurereadings/project/toolchain/compiler/bin/../lib/gcc/riscv64-unknown-elf/8.3.0/../../../../riscv64-unknown-elf/lib/rv32imac/ilp32\libc_nano.a(lib_a-memcpy-asm.o)
                0x0000000008003746                memcpy
 .text          0x000000000800375c       0x10 c:/users/marwz/documents/github/datafusion/src/datafusionexe/pressurereadings/project/toolchain/compiler/bin/../lib/gcc/riscv64-unknown-elf/8.3.0/../../../../riscv64-unknown-elf/lib/rv32imac/ilp32\libc_nano.a(lib_a-memset.o)
                0x000000000800375c                memset
 .text._free_r  0x000000000800376c       0xb8 c:/users/marwz/documents/github/datafusion/src/datafusionexe/pressurereadings/project/toolchain/compiler/bin/../lib/gcc/riscv64-unknown-elf/8.3.0/../../../../riscv64-unknown-elf/lib/rv32imac/ilp32\libc_nano.a(lib_a-nano-freer.o)
                0x000000000800376c                _free_r
 .text._malloc_r
                0x0000000008003824      0x102 c:/users/marwz/documents/github/datafusion/src/datafusionexe/pressurereadings/project/toolchain/compiler/bin/../lib/gcc/riscv64-unknown-elf/8.3.0/../../../../riscv64-unknown-elf/lib/rv32imac/ilp32\libc_nano.a(lib_a-nano-mallocr.o)
                0x0000000008003824                _malloc_r
 .text.printf   0x0000000008003926       0x4e c:/users/marwz/documents/github/datafusion/src/datafusionexe/pressurereadings/project/toolchain/compiler/bin/../lib/gcc/riscv64-unknown-elf/8.3.0/../../../../riscv64-unknown-elf/lib/rv32imac/ilp32\libc_nano.a(lib_a-printf.o)
                0x0000000008003926                iprintf
                0x0000000008003926                printf
 .text._sbrk_r  0x0000000008003974       0x36 c:/users/marwz/documents/github/datafusion/src/datafusionexe/pressurereadings/project/toolchain/compiler/bin/../lib/gcc/riscv64-unknown-elf/8.3.0/../../../../riscv64-unknown-elf/lib/rv32imac/ilp32\libc_nano.a(lib_a-sbrkr.o)
                0x0000000008003974                _sbrk_r
 .text.__sread  0x00000000080039aa       0x36 c:/users/marwz/documents/github/datafusion/src/datafusionexe/pressurereadings/project/toolchain/compiler/bin/../lib/gcc/riscv64-unknown-elf/8.3.0/../../../../riscv64-unknown-elf/lib/rv32imac/ilp32\libc_nano.a(lib_a-stdio.o)
                0x00000000080039aa                __sread
 .text.__swrite
                0x00000000080039e0       0x5a c:/users/marwz/documents/github/datafusion/src/datafusionexe/pressurereadings/project/toolchain/compiler/bin/../lib/gcc/riscv64-unknown-elf/8.3.0/../../../../riscv64-unknown-elf/lib/rv32imac/ilp32\libc_nano.a(lib_a-stdio.o)
                0x00000000080039e0                __swrite
 .text.__sseek  0x0000000008003a3a       0x3c c:/users/marwz/documents/github/datafusion/src/datafusionexe/pressurereadings/project/toolchain/compiler/bin/../lib/gcc/riscv64-unknown-elf/8.3.0/../../../../riscv64-unknown-elf/lib/rv32imac/ilp32\libc_nano.a(lib_a-stdio.o)
                0x0000000008003a3a                __sseek
 .text.__sclose
                0x0000000008003a76        0xc c:/users/marwz/documents/github/datafusion/src/datafusionexe/pressurereadings/project/toolchain/compiler/bin/../lib/gcc/riscv64-unknown-elf/8.3.0/../../../../riscv64-unknown-elf/lib/rv32imac/ilp32\libc_nano.a(lib_a-stdio.o)
                0x0000000008003a76                __sclose
 .text.isatty   0x0000000008003a82        0x8 c:/users/marwz/documents/github/datafusion/src/datafusionexe/pressurereadings/project/toolchain/compiler/bin/../lib/gcc/riscv64-unknown-elf/8.3.0/../../../../riscv64-unknown-elf/lib/rv32imac/ilp32\libc_nano.a(lib_a-sysisatty.o)
                0x0000000008003a82                isatty
 .text.write    0x0000000008003a8a       0x18 c:/users/marwz/documents/github/datafusion/src/datafusionexe/pressurereadings/project/toolchain/compiler/bin/../lib/gcc/riscv64-unknown-elf/8.3.0/../../../../riscv64-unknown-elf/lib/rv32imac/ilp32\libc_nano.a(lib_a-syswrite.o)
                0x0000000008003a8a                write
 .text._write_r
                0x0000000008003aa2       0x3a c:/users/marwz/documents/github/datafusion/src/datafusionexe/pressurereadings/project/toolchain/compiler/bin/../lib/gcc/riscv64-unknown-elf/8.3.0/../../../../riscv64-unknown-elf/lib/rv32imac/ilp32\libc_nano.a(lib_a-writer.o)
                0x0000000008003aa2                _write_r
 .text.__register_exitproc
                0x0000000008003adc       0x8c c:/users/marwz/documents/github/datafusion/src/datafusionexe/pressurereadings/project/toolchain/compiler/bin/../lib/gcc/riscv64-unknown-elf/8.3.0/../../../../riscv64-unknown-elf/lib/rv32imac/ilp32\libc_nano.a(lib_a-__atexit.o)
                0x0000000008003adc                __register_exitproc
 .text.__call_exitprocs
                0x0000000008003b68       0xc8 c:/users/marwz/documents/github/datafusion/src/datafusionexe/pressurereadings/project/toolchain/compiler/bin/../lib/gcc/riscv64-unknown-elf/8.3.0/../../../../riscv64-unknown-elf/lib/rv32imac/ilp32\libc_nano.a(lib_a-__call_atexit.o)
                0x0000000008003b68                __call_exitprocs
 .text._close_r
                0x0000000008003c30       0x36 c:/users/marwz/documents/github/datafusion/src/datafusionexe/pressurereadings/project/toolchain/compiler/bin/../lib/gcc/riscv64-unknown-elf/8.3.0/../../../../riscv64-unknown-elf/lib/rv32imac/ilp32\libc_nano.a(lib_a-closer.o)
                0x0000000008003c30                _close_r
 .text._lseek_r
                0x0000000008003c66       0x3a c:/users/marwz/documents/github/datafusion/src/datafusionexe/pressurereadings/project/toolchain/compiler/bin/../lib/gcc/riscv64-unknown-elf/8.3.0/../../../../riscv64-unknown-elf/lib/rv32imac/ilp32\libc_nano.a(lib_a-lseekr.o)
                0x0000000008003c66                _lseek_r
 .text.__malloc_lock
                0x0000000008003ca0        0x2 c:/users/marwz/documents/github/datafusion/src/datafusionexe/pressurereadings/project/toolchain/compiler/bin/../lib/gcc/riscv64-unknown-elf/8.3.0/../../../../riscv64-unknown-elf/lib/rv32imac/ilp32\libc_nano.a(lib_a-mlock.o)
                0x0000000008003ca0                __malloc_lock
 .text.__malloc_unlock
                0x0000000008003ca2        0x2 c:/users/marwz/documents/github/datafusion/src/datafusionexe/pressurereadings/project/toolchain/compiler/bin/../lib/gcc/riscv64-unknown-elf/8.3.0/../../../../riscv64-unknown-elf/lib/rv32imac/ilp32\libc_nano.a(lib_a-mlock.o)
                0x0000000008003ca2                __malloc_unlock
 .text.__sfputc_r
                0x0000000008003ca4       0x2e c:/users/marwz/documents/github/datafusion/src/datafusionexe/pressurereadings/project/toolchain/compiler/bin/../lib/gcc/riscv64-unknown-elf/8.3.0/../../../../riscv64-unknown-elf/lib/rv32imac/ilp32\libc_nano.a(lib_a-nano-vfprintf.o)
 .text.__sfputs_r
                0x0000000008003cd2       0x48 c:/users/marwz/documents/github/datafusion/src/datafusionexe/pressurereadings/project/toolchain/compiler/bin/../lib/gcc/riscv64-unknown-elf/8.3.0/../../../../riscv64-unknown-elf/lib/rv32imac/ilp32\libc_nano.a(lib_a-nano-vfprintf.o)
                0x0000000008003cd2                __sfputs_r
 .text._vfprintf_r
                0x0000000008003d1a      0x2c0 c:/users/marwz/documents/github/datafusion/src/datafusionexe/pressurereadings/project/toolchain/compiler/bin/../lib/gcc/riscv64-unknown-elf/8.3.0/../../../../riscv64-unknown-elf/lib/rv32imac/ilp32\libc_nano.a(lib_a-nano-vfprintf.o)
                0x0000000008003d1a                _vfprintf_r
                0x0000000008003d1a                _vfiprintf_r
 .text._read_r  0x0000000008003fda       0x3a c:/users/marwz/documents/github/datafusion/src/datafusionexe/pressurereadings/project/toolchain/compiler/bin/../lib/gcc/riscv64-unknown-elf/8.3.0/../../../../riscv64-unknown-elf/lib/rv32imac/ilp32\libc_nano.a(lib_a-readr.o)
                0x0000000008003fda                _read_r
 .text.__swbuf_r
                0x0000000008004014       0xd8 c:/users/marwz/documents/github/datafusion/src/datafusionexe/pressurereadings/project/toolchain/compiler/bin/../lib/gcc/riscv64-unknown-elf/8.3.0/../../../../riscv64-unknown-elf/lib/rv32imac/ilp32\libc_nano.a(lib_a-wbuf.o)
                0x0000000008004014                __swbuf_r
 .text.__swsetup_r
                0x00000000080040ec      0x122 c:/users/marwz/documents/github/datafusion/src/datafusionexe/pressurereadings/project/toolchain/compiler/bin/../lib/gcc/riscv64-unknown-elf/8.3.0/../../../../riscv64-unknown-elf/lib/rv32imac/ilp32\libc_nano.a(lib_a-wsetup.o)
                0x00000000080040ec                __swsetup_r
 .text.__swhatbuf_r
                0x000000000800420e       0x5e c:/users/marwz/documents/github/datafusion/src/datafusionexe/pressurereadings/project/toolchain/compiler/bin/../lib/gcc/riscv64-unknown-elf/8.3.0/../../../../riscv64-unknown-elf/lib/rv32imac/ilp32\libc_nano.a(lib_a-makebuf.o)
                0x000000000800420e                __swhatbuf_r
 .text.__smakebuf_r
                0x000000000800426c       0xae c:/users/marwz/documents/github/datafusion/src/datafusionexe/pressurereadings/project/toolchain/compiler/bin/../lib/gcc/riscv64-unknown-elf/8.3.0/../../../../riscv64-unknown-elf/lib/rv32imac/ilp32\libc_nano.a(lib_a-makebuf.o)
                0x000000000800426c                __smakebuf_r
 .text.memchr   0x000000000800431a       0x1a c:/users/marwz/documents/github/datafusion/src/datafusionexe/pressurereadings/project/toolchain/compiler/bin/../lib/gcc/riscv64-unknown-elf/8.3.0/../../../../riscv64-unknown-elf/lib/rv32imac/ilp32\libc_nano.a(lib_a-memchr.o)
                0x000000000800431a                memchr
 .text._printf_common
                0x0000000008004334      0x10c c:/users/marwz/documents/github/datafusion/src/datafusionexe/pressurereadings/project/toolchain/compiler/bin/../lib/gcc/riscv64-unknown-elf/8.3.0/../../../../riscv64-unknown-elf/lib/rv32imac/ilp32\libc_nano.a(lib_a-nano-vfprintf_i.o)
                0x0000000008004334                _printf_common
 .text._printf_i
                0x0000000008004440      0x2ae c:/users/marwz/documents/github/datafusion/src/datafusionexe/pressurereadings/project/toolchain/compiler/bin/../lib/gcc/riscv64-unknown-elf/8.3.0/../../../../riscv64-unknown-elf/lib/rv32imac/ilp32\libc_nano.a(lib_a-nano-vfprintf_i.o)
                0x0000000008004440                _printf_i
 .text._fstat_r
                0x00000000080046ee       0x38 c:/users/marwz/documents/github/datafusion/src/datafusionexe/pressurereadings/project/toolchain/compiler/bin/../lib/gcc/riscv64-unknown-elf/8.3.0/../../../../riscv64-unknown-elf/lib/rv32imac/ilp32\libc_nano.a(lib_a-fstatr.o)
                0x00000000080046ee                _fstat_r
 .text._isatty_r
                0x0000000008004726       0x36 c:/users/marwz/documents/github/datafusion/src/datafusionexe/pressurereadings/project/toolchain/compiler/bin/../lib/gcc/riscv64-unknown-elf/8.3.0/../../../../riscv64-unknown-elf/lib/rv32imac/ilp32\libc_nano.a(lib_a-isattyr.o)
                0x0000000008004726                _isatty_r
 *(.gnu.linkonce.t.*)

.sdata2.usbd_language_id_desc
                0x000000000800475c        0x4
 .sdata2.usbd_language_id_desc
                0x000000000800475c        0x4 build/cdc_acm_core.o
                0x000000000800475c                usbd_language_id_desc

.sdata2.EP0_MAXLEN
                0x0000000008004760        0x4
 .sdata2.EP0_MAXLEN
                0x0000000008004760        0x4 build/drv_usb_dev.o

.sdata2.USB_SPEED
                0x0000000008004764        0x4
 .sdata2.USB_SPEED
                0x0000000008004764        0x4 build/drv_usbd_int.o

.sdata2._global_impure_ptr
                0x0000000008004768        0x4
 .sdata2._global_impure_ptr
                0x0000000008004768        0x4 c:/users/marwz/documents/github/datafusion/src/datafusionexe/pressurereadings/project/toolchain/compiler/bin/../lib/gcc/riscv64-unknown-elf/8.3.0/../../../../riscv64-unknown-elf/lib/rv32imac/ilp32\libc_nano.a(lib_a-impure.o)
                0x0000000008004768                _global_impure_ptr

.rela.dyn       0x000000000800476c        0x0
 .rela.text._sbrk
                0x000000000800476c        0x0 build/gd32vf103_eclic.o
 .rela.sdata.curbrk.1524
                0x000000000800476c        0x0 build/gd32vf103_eclic.o
 .rela.text.handle_trap
                0x000000000800476c        0x0 build/gd32vf103_eclic.o
 .rela.text.clk
                0x000000000800476c        0x0 build/gd32vf103_eclic.o
 .rela.text.cs1237_install_clock_pin
                0x000000000800476c        0x0 build/gd32vf103_eclic.o
 .rela.text.cdc_acm_req_handler
                0x000000000800476c        0x0 build/gd32vf103_eclic.o
 .rela.text.cdc_acm_EP0_RxReady
                0x000000000800476c        0x0 build/gd32vf103_eclic.o
 .rela.text.usb_rcu_config
                0x000000000800476c        0x0 build/gd32vf103_eclic.o
 .rela.init     0x000000000800476c        0x0 build/gd32vf103_eclic.o
 .rela.text.trap
                0x000000000800476c        0x0 build/gd32vf103_eclic.o
 .rela.text.__libc_fini_array
                0x000000000800476c        0x0 build/gd32vf103_eclic.o
 .rela.text.__libc_init_array
                0x000000000800476c        0x0 build/gd32vf103_eclic.o
 .rela.text._sbrk_r
                0x000000000800476c        0x0 build/gd32vf103_eclic.o
 .rela.text._write_r
                0x000000000800476c        0x0 build/gd32vf103_eclic.o
 .rela.text.__register_exitproc
                0x000000000800476c        0x0 build/gd32vf103_eclic.o
 .rela.text._close_r
                0x000000000800476c        0x0 build/gd32vf103_eclic.o
 .rela.text._lseek_r
                0x000000000800476c        0x0 build/gd32vf103_eclic.o
 .rela.text._vfprintf_r
                0x000000000800476c        0x0 build/gd32vf103_eclic.o
 .rela.text._read_r
                0x000000000800476c        0x0 build/gd32vf103_eclic.o
 .rela.text._fstat_r
                0x000000000800476c        0x0 build/gd32vf103_eclic.o
 .rela.text._isatty_r
                0x000000000800476c        0x0 build/gd32vf103_eclic.o

.fini
 *(SORT_NONE(.fini))
                0x000000000800476c                . = ALIGN (0x4)
                [!provide]                        PROVIDE (__etext = .)
                [!provide]                        PROVIDE (_etext = .)
                [!provide]                        PROVIDE (etext = .)
                [!provide]                        PROVIDE (_eilm = .)

.preinit_array  0x000000000800476c        0x0
                0x000000000800476c                PROVIDE (__preinit_array_start = .)
 *(.preinit_array)
                0x000000000800476c                PROVIDE (__preinit_array_end = .)

.init_array     0x000000000800476c        0x0
                0x000000000800476c                PROVIDE (__init_array_start = .)
 *(SORT_BY_INIT_PRIORITY(.init_array.*) SORT_BY_INIT_PRIORITY(.ctors.*))
 *(.init_array EXCLUDE_FILE(*crtend?.o *crtend.o *crtbegin?.o *crtbegin.o) .ctors)
                0x000000000800476c                PROVIDE (__init_array_end = .)

.fini_array     0x000000000800476c        0x0
                0x000000000800476c                PROVIDE (__fini_array_start = .)
 *(SORT_BY_INIT_PRIORITY(.fini_array.*) SORT_BY_INIT_PRIORITY(.dtors.*))
 *(.fini_array EXCLUDE_FILE(*crtend?.o *crtend.o *crtbegin?.o *crtbegin.o) .dtors)
                0x000000000800476c                PROVIDE (__fini_array_end = .)

.ctors
 *crtbegin.o(.ctors)
 *crtbegin?.o(.ctors)
 *(EXCLUDE_FILE(*crtend?.o *crtend.o) .ctors)
 *(SORT_BY_NAME(.ctors.*))
 *(.ctors)

.dtors
 *crtbegin.o(.dtors)
 *crtbegin?.o(.dtors)
 *(EXCLUDE_FILE(*crtend?.o *crtend.o) .dtors)
 *(SORT_BY_NAME(.dtors.*))
 *(.dtors)
                0x000000000800476c                . = ALIGN (0x4)
                [!provide]                        PROVIDE (_eilm = .)

.lalign         0x000000000800476c        0x0
                0x000000000800476c                . = ALIGN (0x4)
                0x000000000800476c                PROVIDE (_data_lma = .)

.dalign         0x0000000020000000        0x0 load address 0x000000000800476c
                0x0000000020000000                . = ALIGN (0x4)
                0x0000000020000000                PROVIDE (_data = .)

.data           0x0000000020000000      0x520 load address 0x000000000800476c
 *(.rdata)
 *(.gnu.linkonce.r.*)
 *(.data .data.*)
 .data.configuration_descriptor
                0x0000000020000000       0x43 build/cdc_acm_core.o
                0x0000000020000000                configuration_descriptor
 *fill*         0x0000000020000043        0x1 
 .data.usbd_cdc_cb
                0x0000000020000044       0x24 build/cdc_acm_core.o
                0x0000000020000044                usbd_cdc_cb
 .data.USB_OTG_dev
                0x0000000020000068      0x434 build/usb_serial_if.o
                0x0000000020000068                USB_OTG_dev
 .data.impure_data
                0x000000002000049c       0x60 c:/users/marwz/documents/github/datafusion/src/datafusionexe/pressurereadings/project/toolchain/compiler/bin/../lib/gcc/riscv64-unknown-elf/8.3.0/../../../../riscv64-unknown-elf/lib/rv32imac/ilp32\libc_nano.a(lib_a-impure.o)
 *(.gnu.linkonce.d.*)
                0x0000000020000500                . = ALIGN (0x8)
 *fill*         0x00000000200004fc        0x4 
                0x0000000020000d00                PROVIDE (__global_pointer$ = (. + 0x800))
 *(.sdata .sdata.*)
 .sdata.SystemCoreClock
                0x0000000020000500        0x4 build/system_gd32vf103.o
                0x0000000020000500                SystemCoreClock
 .sdata.curbrk.1524
                0x0000000020000504        0x4 build/sbrk.o
 .sdata.cdc_cmd
                0x0000000020000508        0x4 build/cdc_acm_core.o
 .sdata.linecoding
                0x000000002000050c        0x8 build/cdc_acm_core.o
                0x000000002000050c                linecoding
 .sdata.packet_receive
                0x0000000020000514        0x1 build/cdc_acm_core.o
                0x0000000020000514                packet_receive
 .sdata.packet_sent
                0x0000000020000515        0x1 build/cdc_acm_core.o
                0x0000000020000515                packet_sent
 *fill*         0x0000000020000516        0x2 
 .sdata._impure_ptr
                0x0000000020000518        0x4 c:/users/marwz/documents/github/datafusion/src/datafusionexe/pressurereadings/project/toolchain/compiler/bin/../lib/gcc/riscv64-unknown-elf/8.3.0/../../../../riscv64-unknown-elf/lib/rv32imac/ilp32\libc_nano.a(lib_a-impure.o)
                0x0000000020000518                _impure_ptr
 *(.gnu.linkonce.s.*)
                0x0000000020000520                . = ALIGN (0x8)
 *fill*         0x000000002000051c        0x4 
 *(.srodata.cst16)
 *(.srodata.cst8)
 *(.srodata.cst4)
 *(.srodata.cst2)
 *(.srodata .srodata.*)
                0x0000000020000520                . = ALIGN (0x4)
                0x0000000020000520                PROVIDE (_edata = .)
                [!provide]                        PROVIDE (edata = .)
                [!provide]                        PROVIDE (_fbss = .)
                0x0000000020000520                PROVIDE (__bss_start = .)

.bss            0x0000000020000520      0x318
 *(.sbss*)
 .sbss.receive_length
                0x0000000020000520        0x4 build/cdc_acm_core.o
                0x0000000020000520                receive_length
 .sbss.rx_custom_cb
                0x0000000020000524        0x4 build/cdc_acm_core.o
                0x0000000020000524                rx_custom_cb
 .sbss.usb_serial_connected
                0x0000000020000528        0x4 build/cdc_acm_core.o
 .sbss.setupc_flag
                0x000000002000052c        0x1 build/drv_usbd_int.o
                0x000000002000052c                setupc_flag
 *fill*         0x000000002000052d        0x3 
 .sbss.usbfs_prescaler
                0x0000000020000530        0x4 build/gd32vf103_hw.o
                0x0000000020000530                usbfs_prescaler
 .sbss.config.4766
                0x0000000020000534        0x1 build/usbd_enum.o
 *fill*         0x0000000020000535        0x3 
 .sbss.status.4696
                0x0000000020000538        0x2 build/usbd_enum.o
 *fill*         0x000000002000053a        0x2 
 .sbss.__malloc_free_list
                0x000000002000053c        0x4 c:/users/marwz/documents/github/datafusion/src/datafusionexe/pressurereadings/project/toolchain/compiler/bin/../lib/gcc/riscv64-unknown-elf/8.3.0/../../../../riscv64-unknown-elf/lib/rv32imac/ilp32\libc_nano.a(lib_a-nano-mallocr.o)
                0x000000002000053c                __malloc_free_list
 .sbss.__malloc_sbrk_start
                0x0000000020000540        0x4 c:/users/marwz/documents/github/datafusion/src/datafusionexe/pressurereadings/project/toolchain/compiler/bin/../lib/gcc/riscv64-unknown-elf/8.3.0/../../../../riscv64-unknown-elf/lib/rv32imac/ilp32\libc_nano.a(lib_a-nano-mallocr.o)
                0x0000000020000540                __malloc_sbrk_start
 .sbss._global_atexit
                0x0000000020000544        0x4 c:/users/marwz/documents/github/datafusion/src/datafusionexe/pressurereadings/project/toolchain/compiler/bin/../lib/gcc/riscv64-unknown-elf/8.3.0/../../../../riscv64-unknown-elf/lib/rv32imac/ilp32\libc_nano.a(lib_a-__call_atexit.o)
                0x0000000020000544                _global_atexit
 *(.gnu.linkonce.sb.*)
 *(.bss .bss.*)
 .bss.tx_buffer
                0x0000000020000548      0x200 build/usb_serial_if.o
                0x0000000020000548                tx_buffer
 .bss._global_atexit0
                0x0000000020000748       0x8c c:/users/marwz/documents/github/datafusion/src/datafusionexe/pressurereadings/project/toolchain/compiler/bin/../lib/gcc/riscv64-unknown-elf/8.3.0/../../../../riscv64-unknown-elf/lib/rv32imac/ilp32\libc_nano.a(lib_a-__atexit.o)
 *(.gnu.linkonce.b.*)
 *(COMMON)
 COMMON         0x00000000200007d4       0x14 build/cs1237.o
                0x00000000200007d4                clock
 COMMON         0x00000000200007e8       0x48 build/cdc_acm_core.o
                0x00000000200007e8                usb_data_buffer
                0x0000000020000828                usb_cmd_buffer
 COMMON         0x0000000020000830        0x4 build/gd32vf103_hw.o
                0x0000000020000830                timer_prescaler
 COMMON         0x0000000020000834        0x4 c:/users/marwz/documents/github/datafusion/src/datafusionexe/pressurereadings/project/toolchain/compiler/bin/../lib/gcc/riscv64-unknown-elf/8.3.0/../../../../riscv64-unknown-elf/lib/rv32imac/ilp32\libc_nano.a(lib_a-reent.o)
                0x0000000020000834                errno
                0x0000000020000838                . = ALIGN (0x4)
                0x0000000020000838                . = ALIGN (0x8)
                0x0000000020000838                PROVIDE (_end = .)
                [!provide]                        PROVIDE (end = .)

.stack          0x0000000020007000     0x1000 load address 0x0000000020000838
                0x0000000020007000                PROVIDE (_heap_end = .)
                0x0000000000001000                . = __stack_size
 *fill*         0x0000000020007000     0x1000 
                0x0000000020008000                PROVIDE (_sp = .)
                0x0000000000001000                . = (__dbg_stack_size + __stack_size)
                [!provide]                        PROVIDE (_dbg_sp = .)
OUTPUT(build/gd32vf103.elf elf32-littleriscv)

.debug_info     0x0000000000000000    0x1a3c0
 .debug_info    0x0000000000000000      0x2ac build/gd32vf103_eclic.o
 .debug_info    0x00000000000002ac      0x3e9 build/gd32vf103_exti.o
 .debug_info    0x0000000000000695      0x6f6 build/gd32vf103_gpio.o
 .debug_info    0x0000000000000d8b      0xf51 build/gd32vf103_rcu.o
 .debug_info    0x0000000000001cdc      0x203 build/system_gd32vf103.o
 .debug_info    0x0000000000001edf      0x1d3 build/_exit.o
 .debug_info    0x00000000000020b2      0xacd build/close.o
 .debug_info    0x0000000000002b7f      0xd59 build/fstat.o
 .debug_info    0x00000000000038d8      0x108 build/isatty.o
 .debug_info    0x00000000000039e0      0xb29 build/lseek.o
 .debug_info    0x0000000000004509      0xb01 build/read.o
 .debug_info    0x000000000000500a       0xd0 build/sbrk.o
 .debug_info    0x00000000000050da      0x1bb build/write_hex.o
 .debug_info    0x0000000000005295     0x18a2 build/n200_func.o
 .debug_info    0x0000000000006b37      0xb4f build/handlers.o
 .debug_info    0x0000000000007686      0xcb0 build/init.o
 .debug_info    0x0000000000008336      0xdf0 build/cs1237.o
 .debug_info    0x0000000000009126      0x421 build/cs1237_gd32vf103_port.o
 .debug_info    0x0000000000009547     0x21a4 build/cdc_acm_core.o
 .debug_info    0x000000000000b6eb      0xb4e build/drv_usb_core.o
 .debug_info    0x000000000000c239     0x13ce build/drv_usb_dev.o
 .debug_info    0x000000000000d607     0x12e8 build/drv_usbd_int.o
 .debug_info    0x000000000000e8ef     0x10bb build/gd32vf103_hw.o
 .debug_info    0x000000000000f9aa     0x1cb4 build/gd32vf103_usb_it.o
 .debug_info    0x000000000001165e      0x1a9 build/usb_delay.o
 .debug_info    0x0000000000011807     0x1e9b build/usb_serial_if.o
 .debug_info    0x00000000000136a2     0x1304 build/usbd_core.o
 .debug_info    0x00000000000149a6     0x2128 build/usbd_enum.o
 .debug_info    0x0000000000016ace     0x1a23 build/usbd_transc.o
 .debug_info    0x00000000000184f1     0x1e87 build/main.o
 .debug_info    0x000000000001a378       0x26 build/start.o
 .debug_info    0x000000000001a39e       0x22 build/entry.o

.debug_abbrev   0x0000000000000000     0x4511
 .debug_abbrev  0x0000000000000000      0x112 build/gd32vf103_eclic.o
 .debug_abbrev  0x0000000000000112      0x15c build/gd32vf103_exti.o
 .debug_abbrev  0x000000000000026e      0x228 build/gd32vf103_gpio.o
 .debug_abbrev  0x0000000000000496      0x259 build/gd32vf103_rcu.o
 .debug_abbrev  0x00000000000006ef       0xe0 build/system_gd32vf103.o
 .debug_abbrev  0x00000000000007cf       0xec build/_exit.o
 .debug_abbrev  0x00000000000008bb      0x1eb build/close.o
 .debug_abbrev  0x0000000000000aa6      0x218 build/fstat.o
 .debug_abbrev  0x0000000000000cbe       0x75 build/isatty.o
 .debug_abbrev  0x0000000000000d33      0x218 build/lseek.o
 .debug_abbrev  0x0000000000000f4b      0x1fc build/read.o
 .debug_abbrev  0x0000000000001147       0xac build/sbrk.o
 .debug_abbrev  0x00000000000011f3       0xfa build/write_hex.o
 .debug_abbrev  0x00000000000012ed      0x4db build/n200_func.o
 .debug_abbrev  0x00000000000017c8      0x234 build/handlers.o
 .debug_abbrev  0x00000000000019fc      0x22b build/init.o
 .debug_abbrev  0x0000000000001c27      0x2c5 build/cs1237.o
 .debug_abbrev  0x0000000000001eec      0x1d9 build/cs1237_gd32vf103_port.o
 .debug_abbrev  0x00000000000020c5      0x3f7 build/cdc_acm_core.o
 .debug_abbrev  0x00000000000024bc      0x2a9 build/drv_usb_core.o
 .debug_abbrev  0x0000000000002765      0x335 build/drv_usb_dev.o
 .debug_abbrev  0x0000000000002a9a      0x305 build/drv_usbd_int.o
 .debug_abbrev  0x0000000000002d9f      0x318 build/gd32vf103_hw.o
 .debug_abbrev  0x00000000000030b7      0x2a8 build/gd32vf103_usb_it.o
 .debug_abbrev  0x000000000000335f       0xcb build/usb_delay.o
 .debug_abbrev  0x000000000000342a      0x3b3 build/usb_serial_if.o
 .debug_abbrev  0x00000000000037dd      0x2a8 build/usbd_core.o
 .debug_abbrev  0x0000000000003a85      0x511 build/usbd_enum.o
 .debug_abbrev  0x0000000000003f96      0x2ab build/usbd_transc.o
 .debug_abbrev  0x0000000000004241      0x2aa build/main.o
 .debug_abbrev  0x00000000000044eb       0x14 build/start.o
 .debug_abbrev  0x00000000000044ff       0x12 build/entry.o

.debug_loc      0x0000000000000000     0x6512
 .debug_loc     0x0000000000000000       0xe7 build/gd32vf103_eclic.o
 .debug_loc     0x00000000000000e7      0x1c8 build/gd32vf103_exti.o
 .debug_loc     0x00000000000002af      0x4ba build/gd32vf103_gpio.o
 .debug_loc     0x0000000000000769      0xcf4 build/gd32vf103_rcu.o
 .debug_loc     0x000000000000145d      0x173 build/system_gd32vf103.o
 .debug_loc     0x00000000000015d0       0x3e build/_exit.o
 .debug_loc     0x000000000000160e       0x21 build/close.o
 .debug_loc     0x000000000000162f       0x90 build/fstat.o
 .debug_loc     0x00000000000016bf       0x2e build/isatty.o
 .debug_loc     0x00000000000016ed       0x8f build/lseek.o
 .debug_loc     0x000000000000177c       0x21 build/read.o
 .debug_loc     0x000000000000179d       0x21 build/sbrk.o
 .debug_loc     0x00000000000017be      0x101 build/write_hex.o
 .debug_loc     0x00000000000018bf      0xa1d build/n200_func.o
 .debug_loc     0x00000000000022dc       0x7f build/handlers.o
 .debug_loc     0x000000000000235b       0x2c build/init.o
 .debug_loc     0x0000000000002387      0x926 build/cs1237.o
 .debug_loc     0x0000000000002cad      0x293 build/cs1237_gd32vf103_port.o
 .debug_loc     0x0000000000002f40      0x3df build/cdc_acm_core.o
 .debug_loc     0x000000000000331f      0x53e build/drv_usb_core.o
 .debug_loc     0x000000000000385d      0x83b build/drv_usb_dev.o
 .debug_loc     0x0000000000004098      0x69a build/drv_usbd_int.o
 .debug_loc     0x0000000000004732      0x106 build/gd32vf103_hw.o
 .debug_loc     0x0000000000004838       0x2c build/gd32vf103_usb_it.o
 .debug_loc     0x0000000000004864      0x130 build/usb_delay.o
 .debug_loc     0x0000000000004994      0x2a3 build/usb_serial_if.o
 .debug_loc     0x0000000000004c37      0x730 build/usbd_core.o
 .debug_loc     0x0000000000005367      0xb83 build/usbd_enum.o
 .debug_loc     0x0000000000005eea      0x4ec build/usbd_transc.o
 .debug_loc     0x00000000000063d6      0x13c build/main.o

.debug_aranges  0x0000000000000000      0xab8
 .debug_aranges
                0x0000000000000000       0x50 build/gd32vf103_eclic.o
 .debug_aranges
                0x0000000000000050       0x70 build/gd32vf103_exti.o
 .debug_aranges
                0x00000000000000c0       0xa0 build/gd32vf103_gpio.o
 .debug_aranges
                0x0000000000000160      0x160 build/gd32vf103_rcu.o
 .debug_aranges
                0x00000000000002c0       0x28 build/system_gd32vf103.o
 .debug_aranges
                0x00000000000002e8       0x20 build/_exit.o
 .debug_aranges
                0x0000000000000308       0x20 build/close.o
 .debug_aranges
                0x0000000000000328       0x20 build/fstat.o
 .debug_aranges
                0x0000000000000348       0x20 build/isatty.o
 .debug_aranges
                0x0000000000000368       0x20 build/lseek.o
 .debug_aranges
                0x0000000000000388       0x20 build/read.o
 .debug_aranges
                0x00000000000003a8       0x20 build/sbrk.o
 .debug_aranges
                0x00000000000003c8       0x20 build/write_hex.o
 .debug_aranges
                0x00000000000003e8      0x140 build/n200_func.o
 .debug_aranges
                0x0000000000000528       0x28 build/handlers.o
 .debug_aranges
                0x0000000000000550       0x28 build/init.o
 .debug_aranges
                0x0000000000000578       0x78 build/cs1237.o
 .debug_aranges
                0x00000000000005f0       0x48 build/cs1237_gd32vf103_port.o
 .debug_aranges
                0x0000000000000638       0x68 build/cdc_acm_core.o
 .debug_aranges
                0x00000000000006a0       0x48 build/drv_usb_core.o
 .debug_aranges
                0x00000000000006e8       0xc8 build/drv_usb_dev.o
 .debug_aranges
                0x00000000000007b0       0x58 build/drv_usbd_int.o
 .debug_aranges
                0x0000000000000808       0x40 build/gd32vf103_hw.o
 .debug_aranges
                0x0000000000000848       0x28 build/gd32vf103_usb_it.o
 .debug_aranges
                0x0000000000000870       0x28 build/usb_delay.o
 .debug_aranges
                0x0000000000000898       0x48 build/usb_serial_if.o
 .debug_aranges
                0x00000000000008e0       0x78 build/usbd_core.o
 .debug_aranges
                0x0000000000000958       0xa8 build/usbd_enum.o
 .debug_aranges
                0x0000000000000a00       0x50 build/usbd_transc.o
 .debug_aranges
                0x0000000000000a50       0x20 build/main.o
 .debug_aranges
                0x0000000000000a70       0x20 build/start.o
 .debug_aranges
                0x0000000000000a90       0x28 build/entry.o

.debug_ranges   0x0000000000000000      0xd70
 .debug_ranges  0x0000000000000000       0x40 build/gd32vf103_eclic.o
 .debug_ranges  0x0000000000000040       0x60 build/gd32vf103_exti.o
 .debug_ranges  0x00000000000000a0       0x90 build/gd32vf103_gpio.o
 .debug_ranges  0x0000000000000130      0x150 build/gd32vf103_rcu.o
 .debug_ranges  0x0000000000000280       0x18 build/system_gd32vf103.o
 .debug_ranges  0x0000000000000298       0x10 build/_exit.o
 .debug_ranges  0x00000000000002a8       0x10 build/close.o
 .debug_ranges  0x00000000000002b8       0x10 build/fstat.o
 .debug_ranges  0x00000000000002c8       0x10 build/isatty.o
 .debug_ranges  0x00000000000002d8       0x10 build/lseek.o
 .debug_ranges  0x00000000000002e8       0x10 build/read.o
 .debug_ranges  0x00000000000002f8       0x10 build/sbrk.o
 .debug_ranges  0x0000000000000308       0x30 build/write_hex.o
 .debug_ranges  0x0000000000000338      0x240 build/n200_func.o
 .debug_ranges  0x0000000000000578       0x18 build/handlers.o
 .debug_ranges  0x0000000000000590       0x18 build/init.o
 .debug_ranges  0x00000000000005a8      0x1e8 build/cs1237.o
 .debug_ranges  0x0000000000000790       0x68 build/cs1237_gd32vf103_port.o
 .debug_ranges  0x00000000000007f8       0x88 build/cdc_acm_core.o
 .debug_ranges  0x0000000000000880       0x38 build/drv_usb_core.o
 .debug_ranges  0x00000000000008b8       0xd0 build/drv_usb_dev.o
 .debug_ranges  0x0000000000000988       0xc0 build/drv_usbd_int.o
 .debug_ranges  0x0000000000000a48       0x30 build/gd32vf103_hw.o
 .debug_ranges  0x0000000000000a78       0x18 build/gd32vf103_usb_it.o
 .debug_ranges  0x0000000000000a90       0x18 build/usb_delay.o
 .debug_ranges  0x0000000000000aa8       0x88 build/usb_serial_if.o
 .debug_ranges  0x0000000000000b30       0x68 build/usbd_core.o
 .debug_ranges  0x0000000000000b98      0x150 build/usbd_enum.o
 .debug_ranges  0x0000000000000ce8       0x40 build/usbd_transc.o
 .debug_ranges  0x0000000000000d28       0x28 build/main.o
 .debug_ranges  0x0000000000000d50       0x20 build/entry.o

.debug_line     0x0000000000000000     0xe7ab
 .debug_line    0x0000000000000000      0x398 build/gd32vf103_eclic.o
 .debug_line    0x0000000000000398      0x5e6 build/gd32vf103_exti.o
 .debug_line    0x000000000000097e      0xb7c build/gd32vf103_gpio.o
 .debug_line    0x00000000000014fa     0x156f build/gd32vf103_rcu.o
 .debug_line    0x0000000000002a69      0x711 build/system_gd32vf103.o
 .debug_line    0x000000000000317a      0x176 build/_exit.o
 .debug_line    0x00000000000032f0      0x1da build/close.o
 .debug_line    0x00000000000034ca      0x375 build/fstat.o
 .debug_line    0x000000000000383f      0x104 build/isatty.o
 .debug_line    0x0000000000003943      0x1fb build/lseek.o
 .debug_line    0x0000000000003b3e      0x1e6 build/read.o
 .debug_line    0x0000000000003d24      0x166 build/sbrk.o
 .debug_line    0x0000000000003e8a      0x299 build/write_hex.o
 .debug_line    0x0000000000004123     0x137d build/n200_func.o
 .debug_line    0x00000000000054a0      0x2f3 build/handlers.o
 .debug_line    0x0000000000005793      0x336 build/init.o
 .debug_line    0x0000000000005ac9      0xc19 build/cs1237.o
 .debug_line    0x00000000000066e2      0x4b0 build/cs1237_gd32vf103_port.o
 .debug_line    0x0000000000006b92      0x844 build/cdc_acm_core.o
 .debug_line    0x00000000000073d6      0x969 build/drv_usb_core.o
 .debug_line    0x0000000000007d3f     0x1593 build/drv_usb_dev.o
 .debug_line    0x00000000000092d2     0x109b build/drv_usbd_int.o
 .debug_line    0x000000000000a36d      0x5c5 build/gd32vf103_hw.o
 .debug_line    0x000000000000a932      0x49f build/gd32vf103_usb_it.o
 .debug_line    0x000000000000add1      0x3b3 build/usb_delay.o
 .debug_line    0x000000000000b184      0xae4 build/usb_serial_if.o
 .debug_line    0x000000000000bc68      0x84e build/usbd_core.o
 .debug_line    0x000000000000c4b6     0x10f3 build/usbd_enum.o
 .debug_line    0x000000000000d5a9      0x902 build/usbd_transc.o
 .debug_line    0x000000000000deab      0x692 build/main.o
 .debug_line    0x000000000000e53d      0x189 build/start.o
 .debug_line    0x000000000000e6c6       0xe5 build/entry.o

.debug_str      0x0000000000000000     0x3f49
 .debug_str     0x0000000000000000      0x2e2 build/gd32vf103_eclic.o
                                        0x337 (size before relaxing)
 .debug_str     0x00000000000002e2      0x28f build/gd32vf103_exti.o
                                        0x442 (size before relaxing)
 .debug_str     0x0000000000000571      0x3e5 build/gd32vf103_gpio.o
                                        0x5db (size before relaxing)
 .debug_str     0x0000000000000956      0xa92 build/gd32vf103_rcu.o
                                        0xe5a (size before relaxing)
 .debug_str     0x00000000000013e8       0xa6 build/system_gd32vf103.o
                                        0x2ad (size before relaxing)
 .debug_str     0x000000000000148e       0x63 build/_exit.o
                                        0x21c (size before relaxing)
 .debug_str     0x00000000000014f1      0x3da build/close.o
                                        0x5e6 (size before relaxing)
 .debug_str     0x00000000000018cb      0x146 build/fstat.o
                                        0x75e (size before relaxing)
 .debug_str     0x0000000000001a11       0x2e build/isatty.o
                                        0x1ea (size before relaxing)
 .debug_str     0x0000000000001a3f       0x2c build/lseek.o
                                        0x602 (size before relaxing)
 .debug_str     0x0000000000001a6b       0x24 build/read.o
                                        0x5f4 (size before relaxing)
 .debug_str     0x0000000000001a8f       0x4a build/sbrk.o
                                        0x188 (size before relaxing)
 .debug_str     0x0000000000001ad9       0x37 build/write_hex.o
                                        0x215 (size before relaxing)
 .debug_str     0x0000000000001b10      0x317 build/n200_func.o
                                        0x9b9 (size before relaxing)
 .debug_str     0x0000000000001e27       0x58 build/handlers.o
                                        0x612 (size before relaxing)
 .debug_str     0x0000000000001e7f      0x3e7 build/init.o
                                        0x9e2 (size before relaxing)
 .debug_str     0x0000000000002266      0x18d build/cs1237.o
                                        0x382 (size before relaxing)
 .debug_str     0x00000000000023f3       0x43 build/cs1237_gd32vf103_port.o
                                        0x38d (size before relaxing)
 .debug_str     0x0000000000002436      0xc62 build/cdc_acm_core.o
                                       0x133f (size before relaxing)
 .debug_str     0x0000000000003098      0x299 build/drv_usb_core.o
                                        0x769 (size before relaxing)
 .debug_str     0x0000000000003331      0x28a build/drv_usb_dev.o
                                        0xa5f (size before relaxing)
 .debug_str     0x00000000000035bb      0x1ef build/drv_usbd_int.o
                                        0xab4 (size before relaxing)
 .debug_str     0x00000000000037aa       0xbe build/gd32vf103_hw.o
                                        0xd25 (size before relaxing)
 .debug_str     0x0000000000003868       0x6d build/gd32vf103_usb_it.o
                                       0x128d (size before relaxing)
 .debug_str     0x00000000000038d5       0x1b build/usb_delay.o
                                        0x227 (size before relaxing)
 .debug_str     0x00000000000038f0       0xbc build/usb_serial_if.o
                                       0x121f (size before relaxing)
 .debug_str     0x00000000000039ac       0xd1 build/usbd_core.o
                                        0xae5 (size before relaxing)
 .debug_str     0x0000000000003a7d      0x3b0 build/usbd_enum.o
                                       0x10b1 (size before relaxing)
 .debug_str     0x0000000000003e2d       0x6d build/usbd_transc.o
                                        0xd6a (size before relaxing)
 .debug_str     0x0000000000003e9a       0x4d build/main.o
                                       0x1291 (size before relaxing)
 .debug_str     0x0000000000003ee7       0x37 build/start.o
                                         0xa9 (size before relaxing)
 .debug_str     0x0000000000003f1e       0x2b build/entry.o
                                         0xa9 (size before relaxing)

.comment        0x0000000000000000       0x28
 .comment       0x0000000000000000       0x28 build/gd32vf103_eclic.o
                                         0x29 (size before relaxing)
 .comment       0x0000000000000028       0x29 build/gd32vf103_exti.o
 .comment       0x0000000000000028       0x29 build/gd32vf103_gpio.o
 .comment       0x0000000000000028       0x29 build/gd32vf103_rcu.o
 .comment       0x0000000000000028       0x29 build/system_gd32vf103.o
 .comment       0x0000000000000028       0x29 build/_exit.o
 .comment       0x0000000000000028       0x29 build/close.o
 .comment       0x0000000000000028       0x29 build/fstat.o
 .comment       0x0000000000000028       0x29 build/isatty.o
 .comment       0x0000000000000028       0x29 build/lseek.o
 .comment       0x0000000000000028       0x29 build/read.o
 .comment       0x0000000000000028       0x29 build/sbrk.o
 .comment       0x0000000000000028       0x29 build/write_hex.o
 .comment       0x0000000000000028       0x29 build/n200_func.o
 .comment       0x0000000000000028       0x29 build/handlers.o
 .comment       0x0000000000000028       0x29 build/init.o
 .comment       0x0000000000000028       0x29 build/cs1237.o
 .comment       0x0000000000000028       0x29 build/cs1237_gd32vf103_port.o
 .comment       0x0000000000000028       0x29 build/cdc_acm_core.o
 .comment       0x0000000000000028       0x29 build/drv_usb_core.o
 .comment       0x0000000000000028       0x29 build/drv_usb_dev.o
 .comment       0x0000000000000028       0x29 build/drv_usbd_int.o
 .comment       0x0000000000000028       0x29 build/gd32vf103_hw.o
 .comment       0x0000000000000028       0x29 build/gd32vf103_usb_it.o
 .comment       0x0000000000000028       0x29 build/usb_delay.o
 .comment       0x0000000000000028       0x29 build/usb_serial_if.o
 .comment       0x0000000000000028       0x29 build/usbd_core.o
 .comment       0x0000000000000028       0x29 build/usbd_enum.o
 .comment       0x0000000000000028       0x29 build/usbd_transc.o
 .comment       0x0000000000000028       0x29 build/main.o
 .comment       0x0000000000000028       0x29 c:/users/marwz/documents/github/datafusion/src/datafusionexe/pressurereadings/project/toolchain/compiler/bin/../lib/gcc/riscv64-unknown-elf/8.3.0/../../../../riscv64-unknown-elf/lib/rv32imac/ilp32\libc_nano.a(lib_a-atexit.o)
 .comment       0x0000000000000028       0x29 c:/users/marwz/documents/github/datafusion/src/datafusionexe/pressurereadings/project/toolchain/compiler/bin/../lib/gcc/riscv64-unknown-elf/8.3.0/../../../../riscv64-unknown-elf/lib/rv32imac/ilp32\libc_nano.a(lib_a-exit.o)
 .comment       0x0000000000000028       0x29 c:/users/marwz/documents/github/datafusion/src/datafusionexe/pressurereadings/project/toolchain/compiler/bin/../lib/gcc/riscv64-unknown-elf/8.3.0/../../../../riscv64-unknown-elf/lib/rv32imac/ilp32\libc_nano.a(lib_a-fflush.o)
 .comment       0x0000000000000028       0x29 c:/users/marwz/documents/github/datafusion/src/datafusionexe/pressurereadings/project/toolchain/compiler/bin/../lib/gcc/riscv64-unknown-elf/8.3.0/../../../../riscv64-unknown-elf/lib/rv32imac/ilp32\libc_nano.a(lib_a-findfp.o)
 .comment       0x0000000000000028       0x29 c:/users/marwz/documents/github/datafusion/src/datafusionexe/pressurereadings/project/toolchain/compiler/bin/../lib/gcc/riscv64-unknown-elf/8.3.0/../../../../riscv64-unknown-elf/lib/rv32imac/ilp32\libc_nano.a(lib_a-fini.o)
 .comment       0x0000000000000028       0x29 c:/users/marwz/documents/github/datafusion/src/datafusionexe/pressurereadings/project/toolchain/compiler/bin/../lib/gcc/riscv64-unknown-elf/8.3.0/../../../../riscv64-unknown-elf/lib/rv32imac/ilp32\libc_nano.a(lib_a-fwalk.o)
 .comment       0x0000000000000028       0x29 c:/users/marwz/documents/github/datafusion/src/datafusionexe/pressurereadings/project/toolchain/compiler/bin/../lib/gcc/riscv64-unknown-elf/8.3.0/../../../../riscv64-unknown-elf/lib/rv32imac/ilp32\libc_nano.a(lib_a-impure.o)
 .comment       0x0000000000000028       0x29 c:/users/marwz/documents/github/datafusion/src/datafusionexe/pressurereadings/project/toolchain/compiler/bin/../lib/gcc/riscv64-unknown-elf/8.3.0/../../../../riscv64-unknown-elf/lib/rv32imac/ilp32\libc_nano.a(lib_a-init.o)
 .comment       0x0000000000000028       0x29 c:/users/marwz/documents/github/datafusion/src/datafusionexe/pressurereadings/project/toolchain/compiler/bin/../lib/gcc/riscv64-unknown-elf/8.3.0/../../../../riscv64-unknown-elf/lib/rv32imac/ilp32\libc_nano.a(lib_a-nano-freer.o)
 .comment       0x0000000000000028       0x29 c:/users/marwz/documents/github/datafusion/src/datafusionexe/pressurereadings/project/toolchain/compiler/bin/../lib/gcc/riscv64-unknown-elf/8.3.0/../../../../riscv64-unknown-elf/lib/rv32imac/ilp32\libc_nano.a(lib_a-nano-mallocr.o)
 .comment       0x0000000000000028       0x29 c:/users/marwz/documents/github/datafusion/src/datafusionexe/pressurereadings/project/toolchain/compiler/bin/../lib/gcc/riscv64-unknown-elf/8.3.0/../../../../riscv64-unknown-elf/lib/rv32imac/ilp32\libc_nano.a(lib_a-printf.o)
 .comment       0x0000000000000028       0x29 c:/users/marwz/documents/github/datafusion/src/datafusionexe/pressurereadings/project/toolchain/compiler/bin/../lib/gcc/riscv64-unknown-elf/8.3.0/../../../../riscv64-unknown-elf/lib/rv32imac/ilp32\libc_nano.a(lib_a-sbrkr.o)
 .comment       0x0000000000000028       0x29 c:/users/marwz/documents/github/datafusion/src/datafusionexe/pressurereadings/project/toolchain/compiler/bin/../lib/gcc/riscv64-unknown-elf/8.3.0/../../../../riscv64-unknown-elf/lib/rv32imac/ilp32\libc_nano.a(lib_a-stdio.o)
 .comment       0x0000000000000028       0x29 c:/users/marwz/documents/github/datafusion/src/datafusionexe/pressurereadings/project/toolchain/compiler/bin/../lib/gcc/riscv64-unknown-elf/8.3.0/../../../../riscv64-unknown-elf/lib/rv32imac/ilp32\libc_nano.a(lib_a-sysisatty.o)
 .comment       0x0000000000000028       0x29 c:/users/marwz/documents/github/datafusion/src/datafusionexe/pressurereadings/project/toolchain/compiler/bin/../lib/gcc/riscv64-unknown-elf/8.3.0/../../../../riscv64-unknown-elf/lib/rv32imac/ilp32\libc_nano.a(lib_a-syswrite.o)
 .comment       0x0000000000000028       0x29 c:/users/marwz/documents/github/datafusion/src/datafusionexe/pressurereadings/project/toolchain/compiler/bin/../lib/gcc/riscv64-unknown-elf/8.3.0/../../../../riscv64-unknown-elf/lib/rv32imac/ilp32\libc_nano.a(lib_a-writer.o)
 .comment       0x0000000000000028       0x29 c:/users/marwz/documents/github/datafusion/src/datafusionexe/pressurereadings/project/toolchain/compiler/bin/../lib/gcc/riscv64-unknown-elf/8.3.0/../../../../riscv64-unknown-elf/lib/rv32imac/ilp32\libc_nano.a(lib_a-__atexit.o)
 .comment       0x0000000000000028       0x29 c:/users/marwz/documents/github/datafusion/src/datafusionexe/pressurereadings/project/toolchain/compiler/bin/../lib/gcc/riscv64-unknown-elf/8.3.0/../../../../riscv64-unknown-elf/lib/rv32imac/ilp32\libc_nano.a(lib_a-__call_atexit.o)
 .comment       0x0000000000000028       0x29 c:/users/marwz/documents/github/datafusion/src/datafusionexe/pressurereadings/project/toolchain/compiler/bin/../lib/gcc/riscv64-unknown-elf/8.3.0/../../../../riscv64-unknown-elf/lib/rv32imac/ilp32\libc_nano.a(lib_a-closer.o)
 .comment       0x0000000000000028       0x29 c:/users/marwz/documents/github/datafusion/src/datafusionexe/pressurereadings/project/toolchain/compiler/bin/../lib/gcc/riscv64-unknown-elf/8.3.0/../../../../riscv64-unknown-elf/lib/rv32imac/ilp32\libc_nano.a(lib_a-lseekr.o)
 .comment       0x0000000000000028       0x29 c:/users/marwz/documents/github/datafusion/src/datafusionexe/pressurereadings/project/toolchain/compiler/bin/../lib/gcc/riscv64-unknown-elf/8.3.0/../../../../riscv64-unknown-elf/lib/rv32imac/ilp32\libc_nano.a(lib_a-mlock.o)
 .comment       0x0000000000000028       0x29 c:/users/marwz/documents/github/datafusion/src/datafusionexe/pressurereadings/project/toolchain/compiler/bin/../lib/gcc/riscv64-unknown-elf/8.3.0/../../../../riscv64-unknown-elf/lib/rv32imac/ilp32\libc_nano.a(lib_a-nano-vfprintf.o)
 .comment       0x0000000000000028       0x29 c:/users/marwz/documents/github/datafusion/src/datafusionexe/pressurereadings/project/toolchain/compiler/bin/../lib/gcc/riscv64-unknown-elf/8.3.0/../../../../riscv64-unknown-elf/lib/rv32imac/ilp32\libc_nano.a(lib_a-readr.o)
 .comment       0x0000000000000028       0x29 c:/users/marwz/documents/github/datafusion/src/datafusionexe/pressurereadings/project/toolchain/compiler/bin/../lib/gcc/riscv64-unknown-elf/8.3.0/../../../../riscv64-unknown-elf/lib/rv32imac/ilp32\libc_nano.a(lib_a-reent.o)
 .comment       0x0000000000000028       0x29 c:/users/marwz/documents/github/datafusion/src/datafusionexe/pressurereadings/project/toolchain/compiler/bin/../lib/gcc/riscv64-unknown-elf/8.3.0/../../../../riscv64-unknown-elf/lib/rv32imac/ilp32\libc_nano.a(lib_a-wbuf.o)
 .comment       0x0000000000000028       0x29 c:/users/marwz/documents/github/datafusion/src/datafusionexe/pressurereadings/project/toolchain/compiler/bin/../lib/gcc/riscv64-unknown-elf/8.3.0/../../../../riscv64-unknown-elf/lib/rv32imac/ilp32\libc_nano.a(lib_a-wsetup.o)
 .comment       0x0000000000000028       0x29 c:/users/marwz/documents/github/datafusion/src/datafusionexe/pressurereadings/project/toolchain/compiler/bin/../lib/gcc/riscv64-unknown-elf/8.3.0/../../../../riscv64-unknown-elf/lib/rv32imac/ilp32\libc_nano.a(lib_a-makebuf.o)
 .comment       0x0000000000000028       0x29 c:/users/marwz/documents/github/datafusion/src/datafusionexe/pressurereadings/project/toolchain/compiler/bin/../lib/gcc/riscv64-unknown-elf/8.3.0/../../../../riscv64-unknown-elf/lib/rv32imac/ilp32\libc_nano.a(lib_a-memchr.o)
 .comment       0x0000000000000028       0x29 c:/users/marwz/documents/github/datafusion/src/datafusionexe/pressurereadings/project/toolchain/compiler/bin/../lib/gcc/riscv64-unknown-elf/8.3.0/../../../../riscv64-unknown-elf/lib/rv32imac/ilp32\libc_nano.a(lib_a-nano-vfprintf_i.o)
 .comment       0x0000000000000028       0x29 c:/users/marwz/documents/github/datafusion/src/datafusionexe/pressurereadings/project/toolchain/compiler/bin/../lib/gcc/riscv64-unknown-elf/8.3.0/../../../../riscv64-unknown-elf/lib/rv32imac/ilp32\libc_nano.a(lib_a-fstatr.o)
 .comment       0x0000000000000028       0x29 c:/users/marwz/documents/github/datafusion/src/datafusionexe/pressurereadings/project/toolchain/compiler/bin/../lib/gcc/riscv64-unknown-elf/8.3.0/../../../../riscv64-unknown-elf/lib/rv32imac/ilp32\libc_nano.a(lib_a-isattyr.o)

.riscv.attributes
                0x0000000000000000       0x2b
 .riscv.attributes
                0x0000000000000000       0x2b build/gd32vf103_eclic.o
 .riscv.attributes
                0x000000000000002b       0x2b build/gd32vf103_exti.o
 .riscv.attributes
                0x0000000000000056       0x2b build/gd32vf103_gpio.o
 .riscv.attributes
                0x0000000000000081       0x2b build/gd32vf103_rcu.o
 .riscv.attributes
                0x00000000000000ac       0x2b build/system_gd32vf103.o
 .riscv.attributes
                0x00000000000000d7       0x2b build/_exit.o
 .riscv.attributes
                0x0000000000000102       0x2b build/close.o
 .riscv.attributes
                0x000000000000012d       0x2b build/fstat.o
 .riscv.attributes
                0x0000000000000158       0x2b build/isatty.o
 .riscv.attributes
                0x0000000000000183       0x2b build/lseek.o
 .riscv.attributes
                0x00000000000001ae       0x2b build/read.o
 .riscv.attributes
                0x00000000000001d9       0x2b build/sbrk.o
 .riscv.attributes
                0x0000000000000204       0x2b build/write_hex.o
 .riscv.attributes
                0x000000000000022f       0x2b build/n200_func.o
 .riscv.attributes
                0x000000000000025a       0x2b build/handlers.o
 .riscv.attributes
                0x0000000000000285       0x2b build/init.o
 .riscv.attributes
                0x00000000000002b0       0x2b build/cs1237.o
 .riscv.attributes
                0x00000000000002db       0x2b build/cs1237_gd32vf103_port.o
 .riscv.attributes
                0x0000000000000306       0x2b build/cdc_acm_core.o
 .riscv.attributes
                0x0000000000000331       0x2b build/drv_usb_core.o
 .riscv.attributes
                0x000000000000035c       0x2b build/drv_usb_dev.o
 .riscv.attributes
                0x0000000000000387       0x2b build/drv_usbd_int.o
 .riscv.attributes
                0x00000000000003b2       0x2b build/gd32vf103_hw.o
 .riscv.attributes
                0x00000000000003dd       0x2b build/gd32vf103_usb_it.o
 .riscv.attributes
                0x0000000000000408       0x2b build/usb_delay.o
 .riscv.attributes
                0x0000000000000433       0x2b build/usb_serial_if.o
 .riscv.attributes
                0x000000000000045e       0x2b build/usbd_core.o
 .riscv.attributes
                0x0000000000000489       0x2b build/usbd_enum.o
 .riscv.attributes
                0x00000000000004b4       0x2b build/usbd_transc.o
 .riscv.attributes
                0x00000000000004df       0x2b build/main.o
 .riscv.attributes
                0x000000000000050a       0x29 build/start.o
 .riscv.attributes
                0x0000000000000533       0x29 build/entry.o
 .riscv.attributes
                0x000000000000055c       0x2b c:/users/marwz/documents/github/datafusion/src/datafusionexe/pressurereadings/project/toolchain/compiler/bin/../lib/gcc/riscv64-unknown-elf/8.3.0/../../../../riscv64-unknown-elf/lib/rv32imac/ilp32\libc_nano.a(lib_a-atexit.o)
 .riscv.attributes
                0x0000000000000587       0x2b c:/users/marwz/documents/github/datafusion/src/datafusionexe/pressurereadings/project/toolchain/compiler/bin/../lib/gcc/riscv64-unknown-elf/8.3.0/../../../../riscv64-unknown-elf/lib/rv32imac/ilp32\libc_nano.a(lib_a-exit.o)
 .riscv.attributes
                0x00000000000005b2       0x2b c:/users/marwz/documents/github/datafusion/src/datafusionexe/pressurereadings/project/toolchain/compiler/bin/../lib/gcc/riscv64-unknown-elf/8.3.0/../../../../riscv64-unknown-elf/lib/rv32imac/ilp32\libc_nano.a(lib_a-fflush.o)
 .riscv.attributes
                0x00000000000005dd       0x2b c:/users/marwz/documents/github/datafusion/src/datafusionexe/pressurereadings/project/toolchain/compiler/bin/../lib/gcc/riscv64-unknown-elf/8.3.0/../../../../riscv64-unknown-elf/lib/rv32imac/ilp32\libc_nano.a(lib_a-findfp.o)
 .riscv.attributes
                0x0000000000000608       0x2b c:/users/marwz/documents/github/datafusion/src/datafusionexe/pressurereadings/project/toolchain/compiler/bin/../lib/gcc/riscv64-unknown-elf/8.3.0/../../../../riscv64-unknown-elf/lib/rv32imac/ilp32\libc_nano.a(lib_a-fini.o)
 .riscv.attributes
                0x0000000000000633       0x2b c:/users/marwz/documents/github/datafusion/src/datafusionexe/pressurereadings/project/toolchain/compiler/bin/../lib/gcc/riscv64-unknown-elf/8.3.0/../../../../riscv64-unknown-elf/lib/rv32imac/ilp32\libc_nano.a(lib_a-fwalk.o)
 .riscv.attributes
                0x000000000000065e       0x2b c:/users/marwz/documents/github/datafusion/src/datafusionexe/pressurereadings/project/toolchain/compiler/bin/../lib/gcc/riscv64-unknown-elf/8.3.0/../../../../riscv64-unknown-elf/lib/rv32imac/ilp32\libc_nano.a(lib_a-impure.o)
 .riscv.attributes
                0x0000000000000689       0x2b c:/users/marwz/documents/github/datafusion/src/datafusionexe/pressurereadings/project/toolchain/compiler/bin/../lib/gcc/riscv64-unknown-elf/8.3.0/../../../../riscv64-unknown-elf/lib/rv32imac/ilp32\libc_nano.a(lib_a-init.o)
 .riscv.attributes
                0x00000000000006b4       0x29 c:/users/marwz/documents/github/datafusion/src/datafusionexe/pressurereadings/project/toolchain/compiler/bin/../lib/gcc/riscv64-unknown-elf/8.3.0/../../../../riscv64-unknown-elf/lib/rv32imac/ilp32\libc_nano.a(lib_a-memcpy-asm.o)
 .riscv.attributes
                0x00000000000006dd       0x29 c:/users/marwz/documents/github/datafusion/src/datafusionexe/pressurereadings/project/toolchain/compiler/bin/../lib/gcc/riscv64-unknown-elf/8.3.0/../../../../riscv64-unknown-elf/lib/rv32imac/ilp32\libc_nano.a(lib_a-memset.o)
 .riscv.attributes
                0x0000000000000706       0x2b c:/users/marwz/documents/github/datafusion/src/datafusionexe/pressurereadings/project/toolchain/compiler/bin/../lib/gcc/riscv64-unknown-elf/8.3.0/../../../../riscv64-unknown-elf/lib/rv32imac/ilp32\libc_nano.a(lib_a-nano-freer.o)
 .riscv.attributes
                0x0000000000000731       0x2b c:/users/marwz/documents/github/datafusion/src/datafusionexe/pressurereadings/project/toolchain/compiler/bin/../lib/gcc/riscv64-unknown-elf/8.3.0/../../../../riscv64-unknown-elf/lib/rv32imac/ilp32\libc_nano.a(lib_a-nano-mallocr.o)
 .riscv.attributes
                0x000000000000075c       0x2b c:/users/marwz/documents/github/datafusion/src/datafusionexe/pressurereadings/project/toolchain/compiler/bin/../lib/gcc/riscv64-unknown-elf/8.3.0/../../../../riscv64-unknown-elf/lib/rv32imac/ilp32\libc_nano.a(lib_a-printf.o)
 .riscv.attributes
                0x0000000000000787       0x2b c:/users/marwz/documents/github/datafusion/src/datafusionexe/pressurereadings/project/toolchain/compiler/bin/../lib/gcc/riscv64-unknown-elf/8.3.0/../../../../riscv64-unknown-elf/lib/rv32imac/ilp32\libc_nano.a(lib_a-sbrkr.o)
 .riscv.attributes
                0x00000000000007b2       0x2b c:/users/marwz/documents/github/datafusion/src/datafusionexe/pressurereadings/project/toolchain/compiler/bin/../lib/gcc/riscv64-unknown-elf/8.3.0/../../../../riscv64-unknown-elf/lib/rv32imac/ilp32\libc_nano.a(lib_a-stdio.o)
 .riscv.attributes
                0x00000000000007dd       0x2b c:/users/marwz/documents/github/datafusion/src/datafusionexe/pressurereadings/project/toolchain/compiler/bin/../lib/gcc/riscv64-unknown-elf/8.3.0/../../../../riscv64-unknown-elf/lib/rv32imac/ilp32\libc_nano.a(lib_a-sysisatty.o)
 .riscv.attributes
                0x0000000000000808       0x2b c:/users/marwz/documents/github/datafusion/src/datafusionexe/pressurereadings/project/toolchain/compiler/bin/../lib/gcc/riscv64-unknown-elf/8.3.0/../../../../riscv64-unknown-elf/lib/rv32imac/ilp32\libc_nano.a(lib_a-syswrite.o)
 .riscv.attributes
                0x0000000000000833       0x2b c:/users/marwz/documents/github/datafusion/src/datafusionexe/pressurereadings/project/toolchain/compiler/bin/../lib/gcc/riscv64-unknown-elf/8.3.0/../../../../riscv64-unknown-elf/lib/rv32imac/ilp32\libc_nano.a(lib_a-writer.o)
 .riscv.attributes
                0x000000000000085e       0x2b c:/users/marwz/documents/github/datafusion/src/datafusionexe/pressurereadings/project/toolchain/compiler/bin/../lib/gcc/riscv64-unknown-elf/8.3.0/../../../../riscv64-unknown-elf/lib/rv32imac/ilp32\libc_nano.a(lib_a-__atexit.o)
 .riscv.attributes
                0x0000000000000889       0x2b c:/users/marwz/documents/github/datafusion/src/datafusionexe/pressurereadings/project/toolchain/compiler/bin/../lib/gcc/riscv64-unknown-elf/8.3.0/../../../../riscv64-unknown-elf/lib/rv32imac/ilp32\libc_nano.a(lib_a-__call_atexit.o)
 .riscv.attributes
                0x00000000000008b4       0x2b c:/users/marwz/documents/github/datafusion/src/datafusionexe/pressurereadings/project/toolchain/compiler/bin/../lib/gcc/riscv64-unknown-elf/8.3.0/../../../../riscv64-unknown-elf/lib/rv32imac/ilp32\libc_nano.a(lib_a-closer.o)
 .riscv.attributes
                0x00000000000008df       0x2b c:/users/marwz/documents/github/datafusion/src/datafusionexe/pressurereadings/project/toolchain/compiler/bin/../lib/gcc/riscv64-unknown-elf/8.3.0/../../../../riscv64-unknown-elf/lib/rv32imac/ilp32\libc_nano.a(lib_a-lseekr.o)
 .riscv.attributes
                0x000000000000090a       0x2b c:/users/marwz/documents/github/datafusion/src/datafusionexe/pressurereadings/project/toolchain/compiler/bin/../lib/gcc/riscv64-unknown-elf/8.3.0/../../../../riscv64-unknown-elf/lib/rv32imac/ilp32\libc_nano.a(lib_a-mlock.o)
 .riscv.attributes
                0x0000000000000935       0x2b c:/users/marwz/documents/github/datafusion/src/datafusionexe/pressurereadings/project/toolchain/compiler/bin/../lib/gcc/riscv64-unknown-elf/8.3.0/../../../../riscv64-unknown-elf/lib/rv32imac/ilp32\libc_nano.a(lib_a-nano-vfprintf.o)
 .riscv.attributes
                0x0000000000000960       0x2b c:/users/marwz/documents/github/datafusion/src/datafusionexe/pressurereadings/project/toolchain/compiler/bin/../lib/gcc/riscv64-unknown-elf/8.3.0/../../../../riscv64-unknown-elf/lib/rv32imac/ilp32\libc_nano.a(lib_a-readr.o)
 .riscv.attributes
                0x000000000000098b       0x2b c:/users/marwz/documents/github/datafusion/src/datafusionexe/pressurereadings/project/toolchain/compiler/bin/../lib/gcc/riscv64-unknown-elf/8.3.0/../../../../riscv64-unknown-elf/lib/rv32imac/ilp32\libc_nano.a(lib_a-reent.o)
 .riscv.attributes
                0x00000000000009b6       0x2b c:/users/marwz/documents/github/datafusion/src/datafusionexe/pressurereadings/project/toolchain/compiler/bin/../lib/gcc/riscv64-unknown-elf/8.3.0/../../../../riscv64-unknown-elf/lib/rv32imac/ilp32\libc_nano.a(lib_a-wbuf.o)
 .riscv.attributes
                0x00000000000009e1       0x2b c:/users/marwz/documents/github/datafusion/src/datafusionexe/pressurereadings/project/toolchain/compiler/bin/../lib/gcc/riscv64-unknown-elf/8.3.0/../../../../riscv64-unknown-elf/lib/rv32imac/ilp32\libc_nano.a(lib_a-wsetup.o)
 .riscv.attributes
                0x0000000000000a0c       0x2b c:/users/marwz/documents/github/datafusion/src/datafusionexe/pressurereadings/project/toolchain/compiler/bin/../lib/gcc/riscv64-unknown-elf/8.3.0/../../../../riscv64-unknown-elf/lib/rv32imac/ilp32\libc_nano.a(lib_a-makebuf.o)
 .riscv.attributes
                0x0000000000000a37       0x2b c:/users/marwz/documents/github/datafusion/src/datafusionexe/pressurereadings/project/toolchain/compiler/bin/../lib/gcc/riscv64-unknown-elf/8.3.0/../../../../riscv64-unknown-elf/lib/rv32imac/ilp32\libc_nano.a(lib_a-memchr.o)
 .riscv.attributes
                0x0000000000000a62       0x2b c:/users/marwz/documents/github/datafusion/src/datafusionexe/pressurereadings/project/toolchain/compiler/bin/../lib/gcc/riscv64-unknown-elf/8.3.0/../../../../riscv64-unknown-elf/lib/rv32imac/ilp32\libc_nano.a(lib_a-nano-vfprintf_i.o)
 .riscv.attributes